[Thu, 18 Oct 2018 15:56:48 GMT] WARNING error caught in DB query
[Thu, 18 Oct 2018 15:56:48 GMT] ERROR error caught in DB query
[Thu, 18 Oct 2018 16:05:44 GMT] WARNING error caught in DB queryundefined
[Thu, 18 Oct 2018 16:05:44 GMT] ERROR error caught in DB query
[Thu, 18 Oct 2018 16:20:58 GMT] WARNING error caught in DB querydeepak@alur.in
[Thu, 18 Oct 2018 16:20:58 GMT] ERROR error caught in DB query
[Fri, 19 Oct 2018 09:13:18 GMT] WARNING error caught in DB queryundefined
[Fri, 19 Oct 2018 09:13:18 GMT] ERROR error caught in DB query
[Fri, 19 Oct 2018 09:14:08 GMT] WARNING error caught in DB queryundefined
[Fri, 19 Oct 2018 09:14:08 GMT] ERROR error caught in DB query
[Fri, 19 Oct 2018 09:14:08 GMT] WARNING error caught in DB query
[Fri, 19 Oct 2018 09:14:08 GMT] ERROR error caught in DB query
[Fri, 19 Oct 2018 09:16:54 GMT] WARNING error caught in DB queryundefined
[Fri, 19 Oct 2018 09:16:54 GMT] ERROR error caught in DB query
[Fri, 19 Oct 2018 09:16:54 GMT] WARNING error caught in DB query
[Fri, 19 Oct 2018 09:16:54 GMT] ERROR error caught in DB query
[Fri, 19 Oct 2018 09:17:07 GMT] WARNING error caught in DB queryundefined
[Fri, 19 Oct 2018 09:17:07 GMT] ERROR error caught in DB query
[Fri, 19 Oct 2018 09:17:08 GMT] WARNING error caught in DB query
[Fri, 19 Oct 2018 09:17:08 GMT] ERROR error caught in DB query
[Fri, 19 Oct 2018 09:19:13 GMT] WARNING error caught in DB queryundefined
[Fri, 19 Oct 2018 09:19:13 GMT] ERROR error caught in DB query
[Fri, 19 Oct 2018 09:19:13 GMT] WARNING error caught in DB query
[Fri, 19 Oct 2018 09:19:13 GMT] ERROR error caught in DB query
[Fri, 19 Oct 2018 09:19:19 GMT] WARNING error caught in DB queryundefined
[Fri, 19 Oct 2018 09:19:19 GMT] ERROR error caught in DB query
[Fri, 19 Oct 2018 09:19:19 GMT] WARNING error caught in DB query
[Fri, 19 Oct 2018 09:19:19 GMT] ERROR error caught in DB query
[Fri, 19 Oct 2018 09:19:22 GMT] WARNING error caught in DB queryundefined
[Fri, 19 Oct 2018 09:19:22 GMT] ERROR error caught in DB query
[Fri, 19 Oct 2018 09:19:22 GMT] WARNING error caught in DB query
[Fri, 19 Oct 2018 09:19:22 GMT] ERROR error caught in DB query
[Fri, 19 Oct 2018 09:19:45 GMT] WARNING error caught in DB queryundefined
[Fri, 19 Oct 2018 09:19:45 GMT] ERROR error caught in DB query
[Fri, 19 Oct 2018 09:21:42 GMT] WARNING error caught in DB queryundefined
[Fri, 19 Oct 2018 09:21:42 GMT] ERROR error caught in DB query
[Fri, 19 Oct 2018 09:22:22 GMT] WARNING error caught in DB queryundefined
[Fri, 19 Oct 2018 09:22:22 GMT] ERROR error caught in DB query
[Fri, 19 Oct 2018 09:22:22 GMT] WARNING error caught in DB query
[Fri, 19 Oct 2018 09:22:22 GMT] ERROR error caught in DB query
[Fri, 19 Oct 2018 09:23:49 GMT] WARNING error caught in DB queryundefined
[Fri, 19 Oct 2018 09:23:49 GMT] ERROR error caught in DB query
[Fri, 19 Oct 2018 09:24:35 GMT] WARNING error caught in DB queryundefined
[Fri, 19 Oct 2018 09:24:35 GMT] ERROR error caught in DB query
[Fri, 19 Oct 2018 09:24:36 GMT] WARNING error caught in DB query
[Fri, 19 Oct 2018 09:24:36 GMT] ERROR error caught in DB query
[Fri, 19 Oct 2018 09:25:16 GMT] WARNING error caught in DB queryundefined
[Fri, 19 Oct 2018 09:25:16 GMT] ERROR error caught in DB query
[Fri, 19 Oct 2018 09:25:18 GMT] WARNING error caught in DB query
[Fri, 19 Oct 2018 09:25:18 GMT] ERROR error caught in DB query
[Fri, 19 Oct 2018 09:25:20 GMT] WARNING error caught in DB queryundefined
[Fri, 19 Oct 2018 09:25:20 GMT] ERROR error caught in DB query
[Fri, 19 Oct 2018 09:25:20 GMT] WARNING error caught in DB query
[Fri, 19 Oct 2018 09:25:20 GMT] ERROR error caught in DB query
[Fri, 19 Oct 2018 09:26:32 GMT] WARNING error caught in DB queryundefined
[Fri, 19 Oct 2018 09:26:32 GMT] ERROR error caught in DB query
[Fri, 19 Oct 2018 09:26:33 GMT] WARNING error caught in DB query
[Fri, 19 Oct 2018 09:26:33 GMT] ERROR error caught in DB query
[Fri, 19 Oct 2018 09:36:04 GMT] WARNING error caught in DB queryundefined
[Fri, 19 Oct 2018 09:36:04 GMT] ERROR error caught in DB query
[Fri, 19 Oct 2018 10:18:42 GMT] WARNING error caught in DB queryundefined
[Fri, 19 Oct 2018 10:18:42 GMT] ERROR error caught in DB query
[Fri, 19 Oct 2018 10:19:40 GMT] WARNING error caught in DB queryundefined
[Fri, 19 Oct 2018 10:19:40 GMT] ERROR error caught in DB query
[Fri, 19 Oct 2018 10:20:30 GMT] WARNING error caught in DB queryundefined
[Fri, 19 Oct 2018 10:20:30 GMT] ERROR error caught in DB query
[Fri, 19 Oct 2018 10:21:21 GMT] WARNING error caught in DB queryundefined
[Fri, 19 Oct 2018 10:21:21 GMT] ERROR error caught in DB query
[Fri, 19 Oct 2018 10:21:27 GMT] WARNING error caught in DB queryundefined
[Fri, 19 Oct 2018 10:21:27 GMT] ERROR error caught in DB query
[Fri, 19 Oct 2018 10:22:32 GMT] WARNING error caught in DB queryundefined
[Fri, 19 Oct 2018 10:22:32 GMT] ERROR error caught in DB query
[Fri, 19 Oct 2018 10:24:38 GMT] WARNING error caught in DB queryundefined
[Fri, 19 Oct 2018 10:24:38 GMT] ERROR error caught in DB query
[Fri, 19 Oct 2018 10:26:31 GMT] WARNING error caught in DB queryundefined
[Fri, 19 Oct 2018 10:26:31 GMT] ERROR error caught in DB query
[Fri, 19 Oct 2018 10:27:18 GMT] WARNING error caught in DB queryundefined
[Fri, 19 Oct 2018 10:27:18 GMT] ERROR error caught in DB query
[Fri, 19 Oct 2018 10:29:04 GMT] WARNING error caught in DB queryundefined
[Fri, 19 Oct 2018 10:29:04 GMT] ERROR error caught in DB query
[Fri, 19 Oct 2018 10:31:05 GMT] WARNING error caught in DB queryundefined
[Fri, 19 Oct 2018 10:31:05 GMT] ERROR error caught in DB query
[Fri, 19 Oct 2018 10:31:15 GMT] WARNING error caught in DB queryundefined
[Fri, 19 Oct 2018 10:31:15 GMT] ERROR error caught in DB query
[Fri, 19 Oct 2018 10:33:11 GMT] WARNING error caught in DB queryundefined
[Fri, 19 Oct 2018 10:33:11 GMT] ERROR error caught in DB query
[Fri, 19 Oct 2018 10:34:52 GMT] WARNING error caught in DB queryundefined
[Fri, 19 Oct 2018 10:34:52 GMT] ERROR error caught in DB query
[Fri, 19 Oct 2018 10:36:16 GMT] WARNING error caught in DB queryundefined
[Fri, 19 Oct 2018 10:36:16 GMT] ERROR error caught in DB query
[Fri, 19 Oct 2018 10:39:03 GMT] WARNING error caught in DB queryundefined
[Fri, 19 Oct 2018 10:39:03 GMT] ERROR error caught in DB query
[Fri, 19 Oct 2018 10:39:55 GMT] WARNING error caught in DB queryundefined
[Fri, 19 Oct 2018 10:39:55 GMT] ERROR error caught in DB query
[Fri, 19 Oct 2018 10:40:23 GMT] WARNING error caught in DB queryundefined
[Fri, 19 Oct 2018 10:40:23 GMT] ERROR error caught in DB query
[Fri, 19 Oct 2018 10:41:26 GMT] WARNING error caught in DB queryundefined
[Fri, 19 Oct 2018 10:41:26 GMT] ERROR error caught in DB query
[Fri, 19 Oct 2018 10:41:40 GMT] WARNING error caught in DB queryundefined
[Fri, 19 Oct 2018 10:41:40 GMT] ERROR error caught in DB query
[Fri, 19 Oct 2018 10:42:07 GMT] WARNING error caught in DB queryundefined
[Fri, 19 Oct 2018 10:42:07 GMT] ERROR error caught in DB query
[Fri, 19 Oct 2018 10:42:30 GMT] WARNING error caught in DB queryundefined
[Fri, 19 Oct 2018 10:42:30 GMT] ERROR error caught in DB query
[Fri, 19 Oct 2018 10:42:36 GMT] WARNING error caught in DB queryundefined
[Fri, 19 Oct 2018 10:42:36 GMT] ERROR error caught in DB query
[Fri, 19 Oct 2018 10:42:47 GMT] WARNING error caught in DB queryundefined
[Fri, 19 Oct 2018 10:42:47 GMT] ERROR error caught in DB query
[Fri, 19 Oct 2018 10:43:05 GMT] WARNING error caught in DB queryundefined
[Fri, 19 Oct 2018 10:43:05 GMT] ERROR error caught in DB query
[Fri, 19 Oct 2018 10:43:12 GMT] WARNING error caught in DB queryundefined
[Fri, 19 Oct 2018 10:43:12 GMT] ERROR error caught in DB query
[Fri, 19 Oct 2018 10:43:22 GMT] WARNING error caught in DB queryundefined
[Fri, 19 Oct 2018 10:43:22 GMT] ERROR error caught in DB query
[Fri, 19 Oct 2018 10:43:31 GMT] WARNING error caught in DB queryundefined
[Fri, 19 Oct 2018 10:43:31 GMT] ERROR error caught in DB query
[Fri, 19 Oct 2018 10:43:38 GMT] WARNING error caught in DB queryundefined
[Fri, 19 Oct 2018 10:43:38 GMT] ERROR error caught in DB query
[Fri, 19 Oct 2018 10:44:25 GMT] WARNING error caught in DB queryundefined
[Fri, 19 Oct 2018 10:44:25 GMT] ERROR error caught in DB query
[Fri, 19 Oct 2018 10:53:11 GMT] WARNING error caught in DB queryundefined
[Fri, 19 Oct 2018 10:53:11 GMT] ERROR error caught in DB query
[Fri, 19 Oct 2018 11:09:17 GMT] WARNING error caught in DB queryundefined
[Fri, 19 Oct 2018 11:09:17 GMT] ERROR error caught in DB query
[Fri, 19 Oct 2018 11:10:33 GMT] WARNING error caught in DB queryundefined
[Fri, 19 Oct 2018 11:10:33 GMT] ERROR error caught in DB query
[Fri, 19 Oct 2018 11:13:18 GMT] WARNING error caught in DB queryundefined
[Fri, 19 Oct 2018 11:13:18 GMT] ERROR error caught in DB query
[Fri, 19 Oct 2018 11:14:18 GMT] WARNING error caught in DB queryundefined
[Fri, 19 Oct 2018 11:14:18 GMT] ERROR error caught in DB query
[Fri, 19 Oct 2018 11:14:31 GMT] WARNING error caught in DB queryundefined
[Fri, 19 Oct 2018 11:14:31 GMT] ERROR error caught in DB query
[Fri, 19 Oct 2018 11:17:25 GMT] WARNING error caught in DB queryundefined
[Fri, 19 Oct 2018 11:17:25 GMT] ERROR error caught in DB query
[Fri, 19 Oct 2018 12:35:42 GMT] WARNING error caught in DB queryundefined
[Fri, 19 Oct 2018 12:35:42 GMT] ERROR error caught in DB query
[Fri, 19 Oct 2018 12:35:54 GMT] WARNING error caught in DB queryundefined
[Fri, 19 Oct 2018 12:35:54 GMT] ERROR error caught in DB query
[Fri, 19 Oct 2018 12:36:09 GMT] WARNING error caught in DB queryundefined
[Fri, 19 Oct 2018 12:36:09 GMT] ERROR error caught in DB query
[Fri, 19 Oct 2018 12:52:36 GMT] WARNING error caught in DB queryundefined
[Fri, 19 Oct 2018 12:52:36 GMT] ERROR error caught in DB query
[Fri, 19 Oct 2018 12:52:46 GMT] WARNING error caught in DB queryundefined
[Fri, 19 Oct 2018 12:52:46 GMT] ERROR error caught in DB query
[Mon, 22 Oct 2018 04:53:19 GMT] WARNING error caught in DB queryundefined
[Mon, 22 Oct 2018 04:53:19 GMT] ERROR error caught in DB query
[Mon, 22 Oct 2018 04:53:37 GMT] WARNING error caught in DB queryundefined
[Mon, 22 Oct 2018 04:53:37 GMT] ERROR error caught in DB query
[Mon, 22 Oct 2018 05:14:02 GMT] WARNING error caught in DB queryundefined
[Mon, 22 Oct 2018 05:14:02 GMT] ERROR error caught in DB query
[Mon, 22 Oct 2018 05:17:54 GMT] WARNING error caught in DB queryundefined
[Mon, 22 Oct 2018 05:17:54 GMT] ERROR error caught in DB query
[Mon, 22 Oct 2018 05:19:43 GMT] WARNING error caught in DB queryundefined
[Mon, 22 Oct 2018 05:19:43 GMT] ERROR error caught in DB query
[Mon, 22 Oct 2018 05:26:36 GMT] WARNING error caught in DB query
[Mon, 22 Oct 2018 05:26:48 GMT] WARNING error caught in DB queryundefined
[Mon, 22 Oct 2018 05:26:48 GMT] ERROR error caught in DB query
[Mon, 22 Oct 2018 05:28:46 GMT] WARNING error caught in DB queryundefined
[Mon, 22 Oct 2018 05:28:46 GMT] ERROR error caught in DB query
[Mon, 22 Oct 2018 05:29:05 GMT] WARNING error caught in DB queryundefined
[Mon, 22 Oct 2018 05:29:05 GMT] ERROR error caught in DB query
[Mon, 22 Oct 2018 05:33:26 GMT] WARNING error caught in DB queryundefined
[Mon, 22 Oct 2018 05:33:26 GMT] ERROR error caught in DB query
[Mon, 22 Oct 2018 05:33:34 GMT] WARNING error caught in DB queryundefined
[Mon, 22 Oct 2018 05:33:34 GMT] ERROR error caught in DB query
[Mon, 22 Oct 2018 05:46:18 GMT] WARNING error caught in DB queryundefined
[Mon, 22 Oct 2018 05:46:18 GMT] ERROR error caught in DB query
[Mon, 22 Oct 2018 05:50:10 GMT] WARNING error caught in DB queryundefined
[Mon, 22 Oct 2018 05:50:10 GMT] ERROR error caught in DB query
[Mon, 22 Oct 2018 05:51:02 GMT] WARNING error caught in DB queryundefined
[Mon, 22 Oct 2018 05:51:02 GMT] ERROR error caught in DB query
[Mon, 22 Oct 2018 05:51:09 GMT] WARNING error caught in DB queryundefined
[Mon, 22 Oct 2018 05:51:09 GMT] ERROR error caught in DB query
[Mon, 22 Oct 2018 05:52:29 GMT] WARNING error caught in DB queryundefined
[Mon, 22 Oct 2018 05:52:29 GMT] ERROR error caught in DB query
[Mon, 22 Oct 2018 05:52:37 GMT] WARNING error caught in DB queryundefined
[Mon, 22 Oct 2018 05:52:37 GMT] ERROR error caught in DB query
[Mon, 22 Oct 2018 06:15:27 GMT] WARNING error caught in DB queryundefined
[Mon, 22 Oct 2018 06:15:27 GMT] ERROR error caught in DB query
[Mon, 22 Oct 2018 06:15:34 GMT] WARNING error caught in DB queryundefined
[Mon, 22 Oct 2018 06:15:34 GMT] ERROR error caught in DB query
[Mon, 22 Oct 2018 06:17:49 GMT] WARNING error caught in DB queryundefined
[Mon, 22 Oct 2018 06:17:49 GMT] ERROR error caught in DB query
[Mon, 22 Oct 2018 06:18:41 GMT] WARNING error caught in DB queryundefined
[Mon, 22 Oct 2018 06:18:41 GMT] ERROR error caught in DB query
[Mon, 22 Oct 2018 06:19:07 GMT] WARNING error caught in DB queryundefined
[Mon, 22 Oct 2018 06:19:07 GMT] ERROR error caught in DB query
[Mon, 22 Oct 2018 06:30:03 GMT] WARNING error caught in DB queryundefined
[Mon, 22 Oct 2018 06:30:03 GMT] ERROR error caught in DB query
[Mon, 22 Oct 2018 06:30:13 GMT] WARNING error caught in DB queryundefined
[Mon, 22 Oct 2018 06:30:13 GMT] ERROR error caught in DB query
[Mon, 22 Oct 2018 06:34:44 GMT] WARNING error caught in DB queryundefined
[Mon, 22 Oct 2018 06:34:44 GMT] ERROR error caught in DB query
[Mon, 22 Oct 2018 06:55:09 GMT] WARNING error caught in DB queryundefined
[Mon, 22 Oct 2018 06:55:09 GMT] ERROR error caught in DB query
[Mon, 22 Oct 2018 06:55:17 GMT] WARNING error caught in DB queryundefined
[Mon, 22 Oct 2018 06:55:17 GMT] ERROR error caught in DB query
[Mon, 22 Oct 2018 06:55:52 GMT] WARNING error caught in DB queryundefined
[Mon, 22 Oct 2018 06:55:52 GMT] ERROR error caught in DB query
[Mon, 22 Oct 2018 06:57:52 GMT] WARNING error caught in DB queryundefined
[Mon, 22 Oct 2018 06:57:52 GMT] ERROR error caught in DB query
[Mon, 22 Oct 2018 06:59:23 GMT] WARNING error caught in DB queryundefined
[Mon, 22 Oct 2018 06:59:23 GMT] ERROR error caught in DB query
[Mon, 22 Oct 2018 06:59:31 GMT] WARNING error caught in DB queryundefined
[Mon, 22 Oct 2018 06:59:31 GMT] ERROR error caught in DB query
[Mon, 22 Oct 2018 07:00:35 GMT] WARNING error caught in DB queryundefined
[Mon, 22 Oct 2018 07:00:35 GMT] ERROR error caught in DB query
[Mon, 22 Oct 2018 07:00:42 GMT] WARNING error caught in DB queryundefined
[Mon, 22 Oct 2018 07:00:42 GMT] ERROR error caught in DB query
[Mon, 22 Oct 2018 07:06:21 GMT] WARNING error caught in DB queryundefined
[Mon, 22 Oct 2018 07:06:21 GMT] ERROR error caught in DB query
[Mon, 22 Oct 2018 07:06:30 GMT] WARNING error caught in DB queryundefined
[Mon, 22 Oct 2018 07:06:30 GMT] ERROR error caught in DB query
[Mon, 22 Oct 2018 07:11:10 GMT] WARNING error caught in DB queryundefined
[Mon, 22 Oct 2018 07:11:10 GMT] ERROR error caught in DB query
[Mon, 22 Oct 2018 07:11:30 GMT] WARNING error caught in DB queryundefined
[Mon, 22 Oct 2018 07:11:30 GMT] ERROR error caught in DB query
[Mon, 22 Oct 2018 07:11:43 GMT] WARNING error caught in DB queryundefined
[Mon, 22 Oct 2018 07:11:43 GMT] ERROR error caught in DB query
[Mon, 22 Oct 2018 07:14:29 GMT] WARNING error caught in DB queryundefined
[Mon, 22 Oct 2018 07:14:29 GMT] ERROR error caught in DB query
[Mon, 22 Oct 2018 07:14:36 GMT] WARNING error caught in DB queryundefined
[Mon, 22 Oct 2018 07:14:36 GMT] ERROR error caught in DB query
[Mon, 22 Oct 2018 07:18:06 GMT] WARNING error caught in DB queryundefined
[Mon, 22 Oct 2018 07:18:06 GMT] ERROR error caught in DB query
[Mon, 22 Oct 2018 07:18:14 GMT] WARNING error caught in DB queryundefined
[Mon, 22 Oct 2018 07:18:14 GMT] ERROR error caught in DB query
[Mon, 22 Oct 2018 07:23:23 GMT] WARNING error caught in DB queryundefined
[Mon, 22 Oct 2018 07:23:23 GMT] ERROR error caught in DB query
[Mon, 22 Oct 2018 08:47:32 GMT] WARNING error caught in DB queryundefined
[Mon, 22 Oct 2018 08:47:32 GMT] ERROR error caught in DB query
[Mon, 22 Oct 2018 08:47:44 GMT] WARNING error caught in DB queryundefined
[Mon, 22 Oct 2018 08:47:44 GMT] ERROR error caught in DB query
[Mon, 22 Oct 2018 08:49:09 GMT] WARNING error caught in DB queryundefined
[Mon, 22 Oct 2018 08:49:09 GMT] ERROR error caught in DB query
[Mon, 22 Oct 2018 08:49:22 GMT] WARNING error caught in DB queryundefined
[Mon, 22 Oct 2018 08:49:22 GMT] ERROR error caught in DB query
[Mon, 22 Oct 2018 08:50:39 GMT] WARNING error caught in DB queryundefined
[Mon, 22 Oct 2018 08:50:39 GMT] ERROR error caught in DB query
[Mon, 22 Oct 2018 08:51:07 GMT] WARNING error caught in DB queryundefined
[Mon, 22 Oct 2018 08:51:07 GMT] ERROR error caught in DB query
[Mon, 22 Oct 2018 08:51:43 GMT] WARNING error caught in DB queryundefined
[Mon, 22 Oct 2018 08:51:43 GMT] ERROR error caught in DB query
[Mon, 22 Oct 2018 08:51:58 GMT] WARNING error caught in DB queryundefined
[Mon, 22 Oct 2018 08:51:58 GMT] ERROR error caught in DB query
[Mon, 22 Oct 2018 08:52:40 GMT] WARNING error caught in DB queryundefined
[Mon, 22 Oct 2018 08:52:40 GMT] ERROR error caught in DB query
[Mon, 22 Oct 2018 08:52:52 GMT] WARNING error caught in DB queryundefined
[Mon, 22 Oct 2018 08:52:52 GMT] ERROR error caught in DB query
[Mon, 22 Oct 2018 09:01:47 GMT] WARNING error caught in DB queryundefined
[Mon, 22 Oct 2018 09:01:47 GMT] ERROR error caught in DB query
[Mon, 22 Oct 2018 09:02:26 GMT] WARNING error caught in DB queryundefined
[Mon, 22 Oct 2018 09:02:26 GMT] ERROR error caught in DB query
[Mon, 22 Oct 2018 09:02:26 GMT] WARNING error caught in DB queryundefined
[Mon, 22 Oct 2018 09:02:26 GMT] ERROR error caught in DB query
[Mon, 22 Oct 2018 09:03:06 GMT] WARNING error caught in DB queryundefined
[Mon, 22 Oct 2018 09:03:06 GMT] ERROR error caught in DB query
[Mon, 22 Oct 2018 09:03:36 GMT] WARNING error caught in DB queryundefined
[Mon, 22 Oct 2018 09:03:36 GMT] ERROR error caught in DB query
[Mon, 22 Oct 2018 09:04:01 GMT] WARNING error caught in DB queryundefined
[Mon, 22 Oct 2018 09:04:01 GMT] ERROR error caught in DB query
[Mon, 22 Oct 2018 09:04:11 GMT] WARNING error caught in DB queryundefined
[Mon, 22 Oct 2018 09:04:11 GMT] ERROR error caught in DB query
[Mon, 22 Oct 2018 09:11:35 GMT] WARNING error caught in DB queryundefined
[Mon, 22 Oct 2018 09:11:35 GMT] ERROR error caught in DB query
[Mon, 22 Oct 2018 09:18:05 GMT] WARNING error caught in DB queryundefined
[Mon, 22 Oct 2018 09:18:05 GMT] ERROR error caught in DB query
[Mon, 22 Oct 2018 09:19:00 GMT] WARNING error caught in DB queryundefined
[Mon, 22 Oct 2018 09:19:00 GMT] ERROR error caught in DB query
[Mon, 22 Oct 2018 09:21:05 GMT] WARNING error caught in DB queryundefined
[Mon, 22 Oct 2018 09:21:05 GMT] ERROR error caught in DB query
[Mon, 22 Oct 2018 09:28:00 GMT] WARNING error caught in DB queryundefined
[Mon, 22 Oct 2018 09:28:00 GMT] ERROR error caught in DB query
[Mon, 22 Oct 2018 09:28:14 GMT] WARNING error caught in DB queryundefined
[Mon, 22 Oct 2018 09:28:14 GMT] ERROR error caught in DB query
[Mon, 22 Oct 2018 09:30:08 GMT] WARNING error caught in DB queryundefined
[Mon, 22 Oct 2018 09:30:08 GMT] ERROR error caught in DB query
[Mon, 22 Oct 2018 09:30:25 GMT] WARNING error caught in DB queryundefined
[Mon, 22 Oct 2018 09:30:25 GMT] ERROR error caught in DB query
[Mon, 22 Oct 2018 09:38:13 GMT] WARNING error caught in DB queryundefined
[Mon, 22 Oct 2018 09:38:13 GMT] ERROR error caught in DB query
[Mon, 22 Oct 2018 09:38:27 GMT] WARNING error caught in DB queryundefined
[Mon, 22 Oct 2018 09:38:27 GMT] ERROR error caught in DB query
[Mon, 22 Oct 2018 09:39:22 GMT] WARNING error caught in DB queryundefined
[Mon, 22 Oct 2018 09:39:22 GMT] ERROR error caught in DB query
[Mon, 22 Oct 2018 09:39:49 GMT] WARNING error caught in DB queryundefined
[Mon, 22 Oct 2018 09:39:49 GMT] ERROR error caught in DB query
[Mon, 22 Oct 2018 09:40:32 GMT] WARNING error caught in DB queryundefined
[Mon, 22 Oct 2018 09:40:32 GMT] ERROR error caught in DB query
[Mon, 22 Oct 2018 09:40:49 GMT] WARNING error caught in DB queryundefined
[Mon, 22 Oct 2018 09:40:49 GMT] ERROR error caught in DB query
[Mon, 22 Oct 2018 09:40:55 GMT] WARNING error caught in DB queryundefined
[Mon, 22 Oct 2018 09:40:55 GMT] ERROR error caught in DB query
[Mon, 22 Oct 2018 09:41:03 GMT] WARNING error caught in DB queryundefined
[Mon, 22 Oct 2018 09:41:03 GMT] ERROR error caught in DB query
[Mon, 22 Oct 2018 09:51:53 GMT] WARNING error caught in DB queryundefined
[Mon, 22 Oct 2018 09:51:53 GMT] ERROR error caught in DB query
[Mon, 22 Oct 2018 09:54:29 GMT] WARNING error caught in DB queryundefined
[Mon, 22 Oct 2018 09:54:29 GMT] ERROR error caught in DB query
[Mon, 22 Oct 2018 09:55:24 GMT] WARNING error caught in DB queryundefined
[Mon, 22 Oct 2018 09:55:24 GMT] ERROR error caught in DB query
[Mon, 22 Oct 2018 09:55:34 GMT] WARNING error caught in DB queryundefined
[Mon, 22 Oct 2018 09:55:34 GMT] ERROR error caught in DB query
[Mon, 22 Oct 2018 09:55:46 GMT] WARNING error caught in DB queryundefined
[Mon, 22 Oct 2018 09:55:46 GMT] ERROR error caught in DB query
[Mon, 22 Oct 2018 09:56:03 GMT] WARNING error caught in DB queryundefined
[Mon, 22 Oct 2018 09:56:03 GMT] ERROR error caught in DB query
[Mon, 22 Oct 2018 10:07:20 GMT] WARNING error caught in DB queryundefined
[Mon, 22 Oct 2018 10:07:20 GMT] ERROR error caught in DB query
[Mon, 22 Oct 2018 10:08:15 GMT] WARNING error caught in DB queryundefined
[Mon, 22 Oct 2018 10:08:15 GMT] ERROR error caught in DB query
[Mon, 22 Oct 2018 10:08:24 GMT] WARNING error caught in DB queryundefined
[Mon, 22 Oct 2018 10:08:24 GMT] ERROR error caught in DB query
[Mon, 22 Oct 2018 10:24:12 GMT] WARNING error caught in DB queryundefined
[Mon, 22 Oct 2018 10:24:12 GMT] ERROR error caught in DB query
[Mon, 22 Oct 2018 10:24:19 GMT] WARNING error caught in DB queryundefined
[Mon, 22 Oct 2018 10:24:19 GMT] ERROR error caught in DB query
[Mon, 22 Oct 2018 10:25:32 GMT] WARNING error caught in DB queryundefined
[Mon, 22 Oct 2018 10:25:32 GMT] ERROR error caught in DB query
[Mon, 22 Oct 2018 10:27:22 GMT] WARNING error caught in DB queryundefined
[Mon, 22 Oct 2018 10:27:22 GMT] ERROR error caught in DB query
[Mon, 22 Oct 2018 10:28:40 GMT] WARNING error caught in DB queryundefined
[Mon, 22 Oct 2018 10:28:40 GMT] ERROR error caught in DB query
[Mon, 22 Oct 2018 10:28:49 GMT] WARNING error caught in DB queryundefined
[Mon, 22 Oct 2018 10:28:49 GMT] ERROR error caught in DB query
[Mon, 22 Oct 2018 10:32:31 GMT] WARNING error caught in DB queryundefined
[Mon, 22 Oct 2018 10:32:31 GMT] ERROR error caught in DB query
[Mon, 22 Oct 2018 10:32:46 GMT] WARNING error caught in DB queryundefined
[Mon, 22 Oct 2018 10:32:46 GMT] ERROR error caught in DB query
[Mon, 22 Oct 2018 10:48:16 GMT] WARNING error caught in DB queryundefined
[Mon, 22 Oct 2018 10:48:16 GMT] ERROR error caught in DB query
[Mon, 22 Oct 2018 11:13:14 GMT] WARNING error caught in DB queryundefined
[Mon, 22 Oct 2018 11:13:14 GMT] ERROR error caught in DB query
[Mon, 22 Oct 2018 11:13:14 GMT] WARNING error caught in DB queryundefined
[Mon, 22 Oct 2018 11:13:14 GMT] ERROR error caught in DB query
[Mon, 22 Oct 2018 11:13:14 GMT] WARNING error caught in DB queryundefined
[Mon, 22 Oct 2018 11:13:14 GMT] ERROR error caught in DB query
[Mon, 22 Oct 2018 11:13:14 GMT] WARNING error caught in DB queryundefined
[Mon, 22 Oct 2018 11:13:14 GMT] ERROR error caught in DB query
[Mon, 22 Oct 2018 11:13:14 GMT] WARNING error caught in DB queryundefined
[Mon, 22 Oct 2018 11:13:14 GMT] ERROR error caught in DB query
[Mon, 22 Oct 2018 11:13:14 GMT] WARNING error caught in DB queryundefined
[Mon, 22 Oct 2018 11:13:14 GMT] ERROR error caught in DB query
[Mon, 22 Oct 2018 11:13:14 GMT] WARNING error caught in DB queryundefined
[Mon, 22 Oct 2018 11:13:14 GMT] ERROR error caught in DB query
[Mon, 22 Oct 2018 11:13:14 GMT] WARNING error caught in DB queryundefined
[Mon, 22 Oct 2018 11:13:14 GMT] ERROR error caught in DB query
[Mon, 22 Oct 2018 11:14:52 GMT] WARNING error caught in DB queryundefined
[Mon, 22 Oct 2018 11:14:52 GMT] ERROR error caught in DB query
[Mon, 22 Oct 2018 11:15:59 GMT] WARNING error caught in DB queryundefined
[Mon, 22 Oct 2018 11:15:59 GMT] ERROR error caught in DB query
[Mon, 22 Oct 2018 11:16:42 GMT] WARNING error caught in DB queryundefined
[Mon, 22 Oct 2018 11:16:42 GMT] ERROR error caught in DB query
[Mon, 22 Oct 2018 11:16:51 GMT] WARNING error caught in DB queryundefined
[Mon, 22 Oct 2018 11:16:51 GMT] ERROR error caught in DB query
[Mon, 22 Oct 2018 11:17:13 GMT] WARNING error caught in DB queryundefined
[Mon, 22 Oct 2018 11:17:13 GMT] ERROR error caught in DB query
[Mon, 22 Oct 2018 11:17:28 GMT] WARNING error caught in DB queryundefined
[Mon, 22 Oct 2018 11:17:28 GMT] ERROR error caught in DB query
[Mon, 22 Oct 2018 11:19:46 GMT] WARNING error caught in DB queryundefined
[Mon, 22 Oct 2018 11:19:46 GMT] ERROR error caught in DB query
[Mon, 22 Oct 2018 11:20:03 GMT] WARNING error caught in DB queryundefined
[Mon, 22 Oct 2018 11:20:03 GMT] ERROR error caught in DB query
[Mon, 22 Oct 2018 11:24:17 GMT] WARNING error caught in DB queryundefined
[Mon, 22 Oct 2018 11:24:17 GMT] ERROR error caught in DB query
[Mon, 22 Oct 2018 11:24:24 GMT] WARNING error caught in DB queryundefined
[Mon, 22 Oct 2018 11:24:24 GMT] ERROR error caught in DB query
[Mon, 22 Oct 2018 11:29:09 GMT] WARNING error caught in DB queryundefined
[Mon, 22 Oct 2018 11:29:09 GMT] ERROR error caught in DB query
[Mon, 22 Oct 2018 12:27:13 GMT] WARNING error caught in DB queryundefined
[Mon, 22 Oct 2018 12:27:13 GMT] ERROR error caught in DB query
[Mon, 22 Oct 2018 12:27:13 GMT] WARNING error caught in DB queryundefined
[Mon, 22 Oct 2018 12:27:13 GMT] ERROR error caught in DB query
[Mon, 22 Oct 2018 12:27:13 GMT] WARNING error caught in DB queryundefined
[Mon, 22 Oct 2018 12:27:13 GMT] ERROR error caught in DB query
[Mon, 22 Oct 2018 12:27:13 GMT] WARNING error caught in DB queryundefined
[Mon, 22 Oct 2018 12:27:13 GMT] ERROR error caught in DB query
[Mon, 22 Oct 2018 12:27:13 GMT] WARNING error caught in DB queryundefined
[Mon, 22 Oct 2018 12:27:13 GMT] ERROR error caught in DB query
[Mon, 22 Oct 2018 12:27:13 GMT] WARNING error caught in DB queryundefined
[Mon, 22 Oct 2018 12:27:13 GMT] ERROR error caught in DB query
[Mon, 22 Oct 2018 12:27:13 GMT] WARNING error caught in DB queryundefined
[Mon, 22 Oct 2018 12:27:13 GMT] ERROR error caught in DB query
[Mon, 22 Oct 2018 12:27:13 GMT] WARNING error caught in DB queryundefined
[Mon, 22 Oct 2018 12:27:13 GMT] ERROR error caught in DB query
[Mon, 22 Oct 2018 12:27:13 GMT] WARNING error caught in DB queryundefined
[Mon, 22 Oct 2018 12:27:13 GMT] ERROR error caught in DB query
[Mon, 22 Oct 2018 12:27:13 GMT] WARNING error caught in DB queryundefined
[Mon, 22 Oct 2018 12:27:13 GMT] ERROR error caught in DB query
[Mon, 22 Oct 2018 12:27:13 GMT] WARNING error caught in DB queryundefined
[Mon, 22 Oct 2018 12:27:13 GMT] ERROR error caught in DB query
[Mon, 22 Oct 2018 12:27:13 GMT] WARNING error caught in DB queryundefined
[Mon, 22 Oct 2018 12:27:13 GMT] ERROR error caught in DB query
[Mon, 22 Oct 2018 12:27:13 GMT] WARNING error caught in DB queryundefined
[Mon, 22 Oct 2018 12:27:13 GMT] ERROR error caught in DB query
[Mon, 22 Oct 2018 12:27:13 GMT] WARNING error caught in DB queryundefined
[Mon, 22 Oct 2018 12:27:13 GMT] ERROR error caught in DB query
[Mon, 22 Oct 2018 12:27:14 GMT] WARNING error caught in DB queryundefined
[Mon, 22 Oct 2018 12:27:14 GMT] ERROR error caught in DB query
[Mon, 22 Oct 2018 12:28:25 GMT] WARNING error caught in DB queryundefined
[Mon, 22 Oct 2018 12:28:25 GMT] ERROR error caught in DB query
[Mon, 22 Oct 2018 12:28:58 GMT] WARNING error caught in DB queryundefined
[Mon, 22 Oct 2018 12:28:58 GMT] ERROR error caught in DB query
[Mon, 22 Oct 2018 12:28:59 GMT] WARNING error caught in DB queryundefined
[Mon, 22 Oct 2018 12:28:59 GMT] ERROR error caught in DB query
[Mon, 22 Oct 2018 12:29:25 GMT] WARNING error caught in DB queryundefined
[Mon, 22 Oct 2018 12:29:25 GMT] ERROR error caught in DB query
[Mon, 22 Oct 2018 12:29:25 GMT] WARNING error caught in DB queryundefined
[Mon, 22 Oct 2018 12:29:25 GMT] ERROR error caught in DB query
[Mon, 22 Oct 2018 12:29:37 GMT] WARNING error caught in DB queryundefined
[Mon, 22 Oct 2018 12:29:37 GMT] ERROR error caught in DB query
[Mon, 22 Oct 2018 12:29:37 GMT] WARNING error caught in DB queryundefined
[Mon, 22 Oct 2018 12:29:37 GMT] ERROR error caught in DB query
[Mon, 22 Oct 2018 12:29:59 GMT] WARNING error caught in DB queryundefined
[Mon, 22 Oct 2018 12:29:59 GMT] ERROR error caught in DB query
[Mon, 22 Oct 2018 12:31:10 GMT] WARNING error caught in DB queryundefined
[Mon, 22 Oct 2018 12:31:10 GMT] ERROR error caught in DB query
[Mon, 22 Oct 2018 12:31:10 GMT] WARNING error caught in DB queryundefined
[Mon, 22 Oct 2018 12:31:10 GMT] ERROR error caught in DB query
[Mon, 22 Oct 2018 12:31:19 GMT] WARNING error caught in DB queryundefined
[Mon, 22 Oct 2018 12:31:19 GMT] ERROR error caught in DB query
[Mon, 22 Oct 2018 12:31:19 GMT] WARNING error caught in DB queryundefined
[Mon, 22 Oct 2018 12:31:19 GMT] ERROR error caught in DB query
[Mon, 22 Oct 2018 12:31:49 GMT] WARNING error caught in DB queryundefined
[Mon, 22 Oct 2018 12:31:49 GMT] ERROR error caught in DB query
[Mon, 22 Oct 2018 12:31:49 GMT] WARNING error caught in DB queryundefined
[Mon, 22 Oct 2018 12:31:49 GMT] ERROR error caught in DB query
[Mon, 22 Oct 2018 12:32:53 GMT] WARNING error caught in DB queryundefined
[Mon, 22 Oct 2018 12:32:53 GMT] ERROR error caught in DB query
[Mon, 22 Oct 2018 12:32:53 GMT] WARNING error caught in DB queryundefined
[Mon, 22 Oct 2018 12:32:53 GMT] ERROR error caught in DB query
[Mon, 22 Oct 2018 12:33:48 GMT] WARNING error caught in DB queryundefined
[Mon, 22 Oct 2018 12:33:48 GMT] ERROR error caught in DB query
[Mon, 22 Oct 2018 12:33:48 GMT] WARNING error caught in DB queryundefined
[Mon, 22 Oct 2018 12:33:48 GMT] ERROR error caught in DB query
[Mon, 22 Oct 2018 12:34:21 GMT] WARNING error caught in DB queryundefined
[Mon, 22 Oct 2018 12:34:21 GMT] ERROR error caught in DB query
[Mon, 22 Oct 2018 12:34:21 GMT] WARNING error caught in DB queryundefined
[Mon, 22 Oct 2018 12:34:21 GMT] ERROR error caught in DB query
[Mon, 22 Oct 2018 12:34:47 GMT] WARNING error caught in DB queryundefined
[Mon, 22 Oct 2018 12:34:47 GMT] ERROR error caught in DB query
[Mon, 22 Oct 2018 12:34:47 GMT] WARNING error caught in DB queryundefined
[Mon, 22 Oct 2018 12:34:47 GMT] ERROR error caught in DB query
[Mon, 22 Oct 2018 12:35:10 GMT] WARNING error caught in DB queryundefined
[Mon, 22 Oct 2018 12:35:10 GMT] ERROR error caught in DB query
[Mon, 22 Oct 2018 12:35:10 GMT] WARNING error caught in DB queryundefined
[Mon, 22 Oct 2018 12:35:10 GMT] ERROR error caught in DB query
[Mon, 22 Oct 2018 12:35:42 GMT] WARNING error caught in DB queryundefined
[Mon, 22 Oct 2018 12:35:42 GMT] ERROR error caught in DB query
[Mon, 22 Oct 2018 12:35:42 GMT] WARNING error caught in DB queryundefined
[Mon, 22 Oct 2018 12:35:42 GMT] ERROR error caught in DB query
[Mon, 22 Oct 2018 12:36:06 GMT] WARNING error caught in DB queryundefined
[Mon, 22 Oct 2018 12:36:06 GMT] ERROR error caught in DB query
[Mon, 22 Oct 2018 12:36:06 GMT] WARNING error caught in DB queryundefined
[Mon, 22 Oct 2018 12:36:06 GMT] ERROR error caught in DB query
[Mon, 22 Oct 2018 12:37:33 GMT] WARNING error caught in DB queryundefined
[Mon, 22 Oct 2018 12:37:33 GMT] ERROR error caught in DB query
[Mon, 22 Oct 2018 12:37:33 GMT] WARNING error caught in DB queryundefined
[Mon, 22 Oct 2018 12:37:33 GMT] ERROR error caught in DB query
[Mon, 22 Oct 2018 12:39:32 GMT] WARNING error caught in DB queryundefined
[Mon, 22 Oct 2018 12:39:32 GMT] ERROR error caught in DB query
[Mon, 22 Oct 2018 12:39:32 GMT] WARNING error caught in DB queryundefined
[Mon, 22 Oct 2018 12:39:32 GMT] ERROR error caught in DB query
[Mon, 22 Oct 2018 12:40:40 GMT] WARNING error caught in DB queryundefined
[Mon, 22 Oct 2018 12:40:40 GMT] ERROR error caught in DB query
[Mon, 22 Oct 2018 12:40:40 GMT] WARNING error caught in DB queryundefined
[Mon, 22 Oct 2018 12:40:40 GMT] ERROR error caught in DB query
[Mon, 22 Oct 2018 12:41:15 GMT] WARNING error caught in DB queryundefined
[Mon, 22 Oct 2018 12:41:15 GMT] ERROR error caught in DB query
[Mon, 22 Oct 2018 12:41:15 GMT] WARNING error caught in DB queryundefined
[Mon, 22 Oct 2018 12:41:15 GMT] ERROR error caught in DB query
[Mon, 22 Oct 2018 12:42:55 GMT] WARNING error caught in DB queryundefined
[Mon, 22 Oct 2018 12:42:55 GMT] ERROR error caught in DB query
[Mon, 22 Oct 2018 12:42:55 GMT] WARNING error caught in DB queryundefined
[Mon, 22 Oct 2018 12:42:55 GMT] ERROR error caught in DB query
[Mon, 22 Oct 2018 12:43:26 GMT] WARNING error caught in DB queryundefined
[Mon, 22 Oct 2018 12:43:26 GMT] ERROR error caught in DB query
[Mon, 22 Oct 2018 12:43:26 GMT] WARNING error caught in DB queryundefined
[Mon, 22 Oct 2018 12:43:26 GMT] ERROR error caught in DB query
[Mon, 22 Oct 2018 12:44:22 GMT] WARNING error caught in DB queryundefined
[Mon, 22 Oct 2018 12:44:22 GMT] ERROR error caught in DB query
[Mon, 22 Oct 2018 12:45:30 GMT] WARNING error caught in DB queryundefined
[Mon, 22 Oct 2018 12:45:30 GMT] ERROR error caught in DB query
[Mon, 22 Oct 2018 12:45:56 GMT] WARNING error caught in DB queryundefined
[Mon, 22 Oct 2018 12:45:56 GMT] ERROR error caught in DB query
[Mon, 22 Oct 2018 12:46:01 GMT] WARNING error caught in DB queryundefined
[Mon, 22 Oct 2018 12:46:01 GMT] ERROR error caught in DB query
[Mon, 22 Oct 2018 12:46:28 GMT] WARNING error caught in DB queryundefined
[Mon, 22 Oct 2018 12:46:28 GMT] ERROR error caught in DB query
[Mon, 22 Oct 2018 12:46:38 GMT] WARNING error caught in DB queryundefined
[Mon, 22 Oct 2018 12:46:38 GMT] ERROR error caught in DB query
[Mon, 22 Oct 2018 12:47:26 GMT] WARNING error caught in DB queryundefined
[Mon, 22 Oct 2018 12:47:26 GMT] ERROR error caught in DB query
[Mon, 22 Oct 2018 12:50:05 GMT] WARNING error caught in DB queryundefined
[Mon, 22 Oct 2018 12:50:05 GMT] ERROR error caught in DB query
[Mon, 22 Oct 2018 12:51:11 GMT] WARNING error caught in DB queryundefined
[Mon, 22 Oct 2018 12:51:11 GMT] ERROR error caught in DB query
[Mon, 22 Oct 2018 12:51:11 GMT] WARNING error caught in DB queryundefined
[Mon, 22 Oct 2018 12:51:11 GMT] ERROR error caught in DB query
[Mon, 22 Oct 2018 12:52:19 GMT] WARNING error caught in DB queryundefined
[Mon, 22 Oct 2018 12:52:19 GMT] ERROR error caught in DB query
[Mon, 22 Oct 2018 12:52:19 GMT] WARNING error caught in DB queryundefined
[Mon, 22 Oct 2018 12:52:19 GMT] ERROR error caught in DB query
[Mon, 22 Oct 2018 12:53:02 GMT] WARNING error caught in DB queryundefined
[Mon, 22 Oct 2018 12:53:02 GMT] ERROR error caught in DB query
[Mon, 22 Oct 2018 12:53:02 GMT] WARNING error caught in DB queryundefined
[Mon, 22 Oct 2018 12:53:02 GMT] ERROR error caught in DB query
[Mon, 22 Oct 2018 12:53:20 GMT] WARNING error caught in DB queryundefined
[Mon, 22 Oct 2018 12:53:20 GMT] ERROR error caught in DB query
[Mon, 22 Oct 2018 12:53:20 GMT] WARNING error caught in DB queryundefined
[Mon, 22 Oct 2018 12:53:20 GMT] ERROR error caught in DB query
[Mon, 22 Oct 2018 12:53:40 GMT] WARNING error caught in DB queryundefined
[Mon, 22 Oct 2018 12:53:40 GMT] ERROR error caught in DB query
[Mon, 22 Oct 2018 12:53:40 GMT] WARNING error caught in DB queryundefined
[Mon, 22 Oct 2018 12:53:40 GMT] ERROR error caught in DB query
[Mon, 22 Oct 2018 12:53:58 GMT] WARNING error caught in DB queryundefined
[Mon, 22 Oct 2018 12:53:58 GMT] ERROR error caught in DB query
[Mon, 22 Oct 2018 12:53:58 GMT] WARNING error caught in DB queryundefined
[Mon, 22 Oct 2018 12:53:58 GMT] ERROR error caught in DB query
[Mon, 22 Oct 2018 12:54:13 GMT] WARNING error caught in DB queryundefined
[Mon, 22 Oct 2018 12:54:13 GMT] ERROR error caught in DB query
[Mon, 22 Oct 2018 12:54:13 GMT] WARNING error caught in DB queryundefined
[Mon, 22 Oct 2018 12:54:13 GMT] ERROR error caught in DB query
[Tue, 23 Oct 2018 04:25:42 GMT] WARNING error caught in DB queryundefined
[Tue, 23 Oct 2018 04:25:42 GMT] ERROR error caught in DB query
[Tue, 23 Oct 2018 04:25:42 GMT] WARNING error caught in DB queryundefined
[Tue, 23 Oct 2018 04:25:42 GMT] ERROR error caught in DB query
[Tue, 23 Oct 2018 04:28:21 GMT] WARNING error caught in DB queryundefined
[Tue, 23 Oct 2018 04:28:21 GMT] ERROR error caught in DB query
[Tue, 23 Oct 2018 04:28:21 GMT] WARNING error caught in DB queryundefined
[Tue, 23 Oct 2018 04:28:21 GMT] ERROR error caught in DB query
[Tue, 23 Oct 2018 04:28:46 GMT] WARNING error caught in DB queryundefined
[Tue, 23 Oct 2018 04:28:46 GMT] ERROR error caught in DB query
[Tue, 23 Oct 2018 04:33:50 GMT] WARNING error caught in DB queryundefined
[Tue, 23 Oct 2018 04:33:50 GMT] ERROR error caught in DB query
[Tue, 23 Oct 2018 04:35:03 GMT] WARNING error caught in DB queryundefined
[Tue, 23 Oct 2018 04:35:03 GMT] ERROR error caught in DB query
[Tue, 23 Oct 2018 04:38:49 GMT] WARNING error caught in DB queryundefined
[Tue, 23 Oct 2018 04:38:49 GMT] ERROR error caught in DB query
[Tue, 23 Oct 2018 04:40:53 GMT] WARNING error caught in DB queryundefined
[Tue, 23 Oct 2018 04:40:53 GMT] ERROR error caught in DB query
[Tue, 23 Oct 2018 04:40:53 GMT] WARNING error caught in DB queryundefined
[Tue, 23 Oct 2018 04:40:53 GMT] ERROR error caught in DB query
[Tue, 23 Oct 2018 04:42:19 GMT] WARNING error caught in DB queryundefined
[Tue, 23 Oct 2018 04:42:19 GMT] ERROR error caught in DB query
[Tue, 23 Oct 2018 04:42:20 GMT] WARNING error caught in DB queryundefined
[Tue, 23 Oct 2018 04:42:20 GMT] ERROR error caught in DB query
[Tue, 23 Oct 2018 04:42:42 GMT] WARNING error caught in DB queryundefined
[Tue, 23 Oct 2018 04:42:42 GMT] ERROR error caught in DB query
[Tue, 23 Oct 2018 04:42:42 GMT] WARNING error caught in DB queryundefined
[Tue, 23 Oct 2018 04:42:42 GMT] ERROR error caught in DB query
[Tue, 23 Oct 2018 04:44:48 GMT] WARNING error caught in DB queryundefined
[Tue, 23 Oct 2018 04:44:48 GMT] ERROR error caught in DB query
[Tue, 23 Oct 2018 04:48:21 GMT] WARNING error caught in DB queryundefined
[Tue, 23 Oct 2018 04:48:21 GMT] ERROR error caught in DB query
[Tue, 23 Oct 2018 04:48:41 GMT] WARNING error caught in DB queryundefined
[Tue, 23 Oct 2018 04:48:41 GMT] ERROR error caught in DB query
[Tue, 23 Oct 2018 04:48:41 GMT] WARNING error caught in DB queryundefined
[Tue, 23 Oct 2018 04:48:41 GMT] ERROR error caught in DB query
[Tue, 23 Oct 2018 04:51:00 GMT] WARNING error caught in DB queryundefined
[Tue, 23 Oct 2018 04:51:00 GMT] ERROR error caught in DB query
[Tue, 23 Oct 2018 04:51:15 GMT] WARNING error caught in DB queryundefined
[Tue, 23 Oct 2018 04:51:15 GMT] ERROR error caught in DB query
[Tue, 23 Oct 2018 04:51:15 GMT] WARNING error caught in DB queryundefined
[Tue, 23 Oct 2018 04:51:15 GMT] ERROR error caught in DB query
[Tue, 23 Oct 2018 04:53:04 GMT] WARNING error caught in DB queryundefined
[Tue, 23 Oct 2018 04:53:04 GMT] ERROR error caught in DB query
[Tue, 23 Oct 2018 04:53:04 GMT] WARNING error caught in DB queryundefined
[Tue, 23 Oct 2018 04:53:04 GMT] ERROR error caught in DB query
[Tue, 23 Oct 2018 04:53:15 GMT] WARNING error caught in DB queryundefined
[Tue, 23 Oct 2018 04:53:15 GMT] ERROR error caught in DB query
[Tue, 23 Oct 2018 04:53:15 GMT] WARNING error caught in DB queryundefined
[Tue, 23 Oct 2018 04:53:15 GMT] ERROR error caught in DB query
[Tue, 23 Oct 2018 04:53:46 GMT] WARNING error caught in DB queryundefined
[Tue, 23 Oct 2018 04:53:46 GMT] ERROR error caught in DB query
[Tue, 23 Oct 2018 04:54:34 GMT] WARNING error caught in DB queryundefined
[Tue, 23 Oct 2018 04:54:34 GMT] ERROR error caught in DB query
[Tue, 23 Oct 2018 04:54:34 GMT] WARNING error caught in DB queryundefined
[Tue, 23 Oct 2018 04:54:34 GMT] ERROR error caught in DB query
[Tue, 23 Oct 2018 05:01:19 GMT] WARNING error caught in DB queryundefined
[Tue, 23 Oct 2018 05:01:19 GMT] ERROR error caught in DB query
[Tue, 23 Oct 2018 05:01:19 GMT] WARNING error caught in DB queryundefined
[Tue, 23 Oct 2018 05:01:19 GMT] ERROR error caught in DB query
[Tue, 23 Oct 2018 05:01:30 GMT] WARNING error caught in DB queryundefined
[Tue, 23 Oct 2018 05:01:30 GMT] ERROR error caught in DB query
[Tue, 23 Oct 2018 05:01:30 GMT] WARNING error caught in DB queryundefined
[Tue, 23 Oct 2018 05:01:30 GMT] ERROR error caught in DB query
[Tue, 23 Oct 2018 05:02:01 GMT] WARNING error caught in DB queryundefined
[Tue, 23 Oct 2018 05:02:01 GMT] ERROR error caught in DB query
[Tue, 23 Oct 2018 05:02:01 GMT] WARNING error caught in DB queryundefined
[Tue, 23 Oct 2018 05:02:01 GMT] ERROR error caught in DB query
[Tue, 23 Oct 2018 05:02:37 GMT] WARNING error caught in DB queryundefined
[Tue, 23 Oct 2018 05:02:37 GMT] ERROR error caught in DB query
[Tue, 23 Oct 2018 05:03:14 GMT] WARNING error caught in DB queryundefined
[Tue, 23 Oct 2018 05:03:14 GMT] ERROR error caught in DB query
[Tue, 23 Oct 2018 05:03:14 GMT] WARNING error caught in DB queryundefined
[Tue, 23 Oct 2018 05:03:14 GMT] ERROR error caught in DB query
[Tue, 23 Oct 2018 05:03:42 GMT] WARNING error caught in DB queryundefined
[Tue, 23 Oct 2018 05:03:42 GMT] ERROR error caught in DB query
[Tue, 23 Oct 2018 05:10:49 GMT] WARNING error caught in DB queryundefined
[Tue, 23 Oct 2018 05:10:49 GMT] ERROR error caught in DB query
[Tue, 23 Oct 2018 05:10:49 GMT] WARNING error caught in DB queryundefined
[Tue, 23 Oct 2018 05:10:49 GMT] ERROR error caught in DB query
[Tue, 23 Oct 2018 05:11:18 GMT] WARNING error caught in DB queryundefined
[Tue, 23 Oct 2018 05:11:18 GMT] ERROR error caught in DB query
[Tue, 23 Oct 2018 05:11:36 GMT] WARNING error caught in DB queryundefined
[Tue, 23 Oct 2018 05:11:36 GMT] ERROR error caught in DB query
[Tue, 23 Oct 2018 05:11:36 GMT] WARNING error caught in DB queryundefined
[Tue, 23 Oct 2018 05:11:36 GMT] ERROR error caught in DB query
[Tue, 23 Oct 2018 05:12:09 GMT] WARNING error caught in DB queryundefined
[Tue, 23 Oct 2018 05:12:09 GMT] ERROR error caught in DB query
[Tue, 23 Oct 2018 05:12:09 GMT] WARNING error caught in DB queryundefined
[Tue, 23 Oct 2018 05:12:09 GMT] ERROR error caught in DB query
[Tue, 23 Oct 2018 05:13:51 GMT] WARNING error caught in DB queryundefined
[Tue, 23 Oct 2018 05:13:51 GMT] ERROR error caught in DB query
[Tue, 23 Oct 2018 05:13:51 GMT] WARNING error caught in DB queryundefined
[Tue, 23 Oct 2018 05:13:51 GMT] ERROR error caught in DB query
[Tue, 23 Oct 2018 05:14:54 GMT] WARNING error caught in DB queryundefined
[Tue, 23 Oct 2018 05:14:54 GMT] ERROR error caught in DB query
[Tue, 23 Oct 2018 05:14:54 GMT] WARNING error caught in DB queryundefined
[Tue, 23 Oct 2018 05:14:54 GMT] ERROR error caught in DB query
[Tue, 23 Oct 2018 05:33:41 GMT] WARNING error caught in DB queryundefined
[Tue, 23 Oct 2018 05:33:41 GMT] ERROR error caught in DB query
[Tue, 23 Oct 2018 05:33:41 GMT] WARNING error caught in DB queryundefined
[Tue, 23 Oct 2018 05:33:41 GMT] ERROR error caught in DB query
[Tue, 23 Oct 2018 05:39:00 GMT] WARNING error caught in DB queryundefined
[Tue, 23 Oct 2018 05:39:00 GMT] ERROR error caught in DB query
[Tue, 23 Oct 2018 05:39:00 GMT] WARNING error caught in DB queryundefined
[Tue, 23 Oct 2018 05:39:00 GMT] ERROR error caught in DB query
[Tue, 23 Oct 2018 05:39:13 GMT] WARNING error caught in DB queryundefined
[Tue, 23 Oct 2018 05:39:13 GMT] ERROR error caught in DB query
[Tue, 23 Oct 2018 05:39:13 GMT] WARNING error caught in DB queryundefined
[Tue, 23 Oct 2018 05:39:13 GMT] ERROR error caught in DB query
[Tue, 23 Oct 2018 05:39:35 GMT] WARNING error caught in DB queryundefined
[Tue, 23 Oct 2018 05:39:35 GMT] ERROR error caught in DB query
[Tue, 23 Oct 2018 05:39:35 GMT] WARNING error caught in DB queryundefined
[Tue, 23 Oct 2018 05:39:35 GMT] ERROR error caught in DB query
[Tue, 23 Oct 2018 05:39:46 GMT] WARNING error caught in DB queryundefined
[Tue, 23 Oct 2018 05:39:46 GMT] ERROR error caught in DB query
[Tue, 23 Oct 2018 05:39:46 GMT] WARNING error caught in DB queryundefined
[Tue, 23 Oct 2018 05:39:46 GMT] ERROR error caught in DB query
[Tue, 23 Oct 2018 05:40:10 GMT] WARNING error caught in DB queryundefined
[Tue, 23 Oct 2018 05:40:10 GMT] ERROR error caught in DB query
[Tue, 23 Oct 2018 05:40:10 GMT] WARNING error caught in DB queryundefined
[Tue, 23 Oct 2018 05:40:10 GMT] ERROR error caught in DB query
[Tue, 23 Oct 2018 05:40:36 GMT] WARNING error caught in DB queryundefined
[Tue, 23 Oct 2018 05:40:36 GMT] ERROR error caught in DB query
[Tue, 23 Oct 2018 05:40:36 GMT] WARNING error caught in DB queryundefined
[Tue, 23 Oct 2018 05:40:36 GMT] ERROR error caught in DB query
[Tue, 23 Oct 2018 05:40:48 GMT] WARNING error caught in DB queryundefined
[Tue, 23 Oct 2018 05:40:48 GMT] ERROR error caught in DB query
[Tue, 23 Oct 2018 05:40:48 GMT] WARNING error caught in DB queryundefined
[Tue, 23 Oct 2018 05:40:48 GMT] ERROR error caught in DB query
[Tue, 23 Oct 2018 05:41:06 GMT] WARNING error caught in DB queryundefined
[Tue, 23 Oct 2018 05:41:06 GMT] ERROR error caught in DB query
[Tue, 23 Oct 2018 05:41:06 GMT] WARNING error caught in DB queryundefined
[Tue, 23 Oct 2018 05:41:06 GMT] ERROR error caught in DB query
[Tue, 23 Oct 2018 05:41:39 GMT] WARNING error caught in DB queryundefined
[Tue, 23 Oct 2018 05:41:39 GMT] ERROR error caught in DB query
[Tue, 23 Oct 2018 05:41:39 GMT] WARNING error caught in DB queryundefined
[Tue, 23 Oct 2018 05:41:39 GMT] ERROR error caught in DB query
[Tue, 23 Oct 2018 05:41:46 GMT] WARNING error caught in DB queryundefined
[Tue, 23 Oct 2018 05:41:46 GMT] ERROR error caught in DB query
[Tue, 23 Oct 2018 05:41:46 GMT] WARNING error caught in DB queryundefined
[Tue, 23 Oct 2018 05:41:46 GMT] ERROR error caught in DB query
[Tue, 23 Oct 2018 05:41:57 GMT] WARNING error caught in DB queryundefined
[Tue, 23 Oct 2018 05:41:57 GMT] ERROR error caught in DB query
[Tue, 23 Oct 2018 05:41:57 GMT] WARNING error caught in DB queryundefined
[Tue, 23 Oct 2018 05:41:57 GMT] ERROR error caught in DB query
[Tue, 23 Oct 2018 05:42:52 GMT] WARNING error caught in DB queryundefined
[Tue, 23 Oct 2018 05:42:52 GMT] ERROR error caught in DB query
[Tue, 23 Oct 2018 05:42:52 GMT] WARNING error caught in DB queryundefined
[Tue, 23 Oct 2018 05:42:52 GMT] ERROR error caught in DB query
[Tue, 23 Oct 2018 05:45:50 GMT] WARNING error caught in DB queryundefined
[Tue, 23 Oct 2018 05:45:50 GMT] ERROR error caught in DB query
[Tue, 23 Oct 2018 05:45:50 GMT] WARNING error caught in DB queryundefined
[Tue, 23 Oct 2018 05:45:50 GMT] ERROR error caught in DB query
[Tue, 23 Oct 2018 05:46:33 GMT] WARNING error caught in DB queryundefined
[Tue, 23 Oct 2018 05:46:33 GMT] ERROR error caught in DB query
[Tue, 23 Oct 2018 05:46:33 GMT] WARNING error caught in DB queryundefined
[Tue, 23 Oct 2018 05:46:33 GMT] ERROR error caught in DB query
[Tue, 23 Oct 2018 05:46:48 GMT] WARNING error caught in DB queryundefined
[Tue, 23 Oct 2018 05:46:48 GMT] ERROR error caught in DB query
[Tue, 23 Oct 2018 05:46:48 GMT] WARNING error caught in DB queryundefined
[Tue, 23 Oct 2018 05:46:48 GMT] ERROR error caught in DB query
[Tue, 23 Oct 2018 05:47:38 GMT] WARNING error caught in DB queryundefined
[Tue, 23 Oct 2018 05:47:38 GMT] ERROR error caught in DB query
[Tue, 23 Oct 2018 05:47:38 GMT] WARNING error caught in DB queryundefined
[Tue, 23 Oct 2018 05:47:38 GMT] ERROR error caught in DB query
[Tue, 23 Oct 2018 05:49:12 GMT] WARNING error caught in DB queryundefined
[Tue, 23 Oct 2018 05:49:12 GMT] ERROR error caught in DB query
[Tue, 23 Oct 2018 05:49:12 GMT] WARNING error caught in DB queryundefined
[Tue, 23 Oct 2018 05:49:12 GMT] ERROR error caught in DB query
[Tue, 23 Oct 2018 05:50:29 GMT] WARNING error caught in DB queryundefined
[Tue, 23 Oct 2018 05:50:29 GMT] ERROR error caught in DB query
[Tue, 23 Oct 2018 05:50:29 GMT] WARNING error caught in DB queryundefined
[Tue, 23 Oct 2018 05:50:29 GMT] ERROR error caught in DB query
[Tue, 23 Oct 2018 05:51:18 GMT] WARNING error caught in DB queryundefined
[Tue, 23 Oct 2018 05:51:18 GMT] ERROR error caught in DB query
[Tue, 23 Oct 2018 05:52:39 GMT] WARNING error caught in DB queryundefined
[Tue, 23 Oct 2018 05:52:39 GMT] ERROR error caught in DB query
[Tue, 23 Oct 2018 05:52:39 GMT] WARNING error caught in DB queryundefined
[Tue, 23 Oct 2018 05:52:39 GMT] ERROR error caught in DB query
[Tue, 23 Oct 2018 05:53:22 GMT] WARNING error caught in DB queryundefined
[Tue, 23 Oct 2018 05:53:22 GMT] ERROR error caught in DB query
[Tue, 23 Oct 2018 05:53:22 GMT] WARNING error caught in DB queryundefined
[Tue, 23 Oct 2018 05:53:22 GMT] ERROR error caught in DB query
[Tue, 23 Oct 2018 05:54:09 GMT] WARNING error caught in DB queryundefined
[Tue, 23 Oct 2018 05:54:09 GMT] ERROR error caught in DB query
[Tue, 23 Oct 2018 05:54:09 GMT] WARNING error caught in DB queryundefined
[Tue, 23 Oct 2018 05:54:09 GMT] ERROR error caught in DB query
[Tue, 23 Oct 2018 05:54:57 GMT] WARNING error caught in DB queryundefined
[Tue, 23 Oct 2018 05:54:57 GMT] ERROR error caught in DB query
[Tue, 23 Oct 2018 05:54:57 GMT] WARNING error caught in DB queryundefined
[Tue, 23 Oct 2018 05:54:57 GMT] ERROR error caught in DB query
[Tue, 23 Oct 2018 05:55:06 GMT] WARNING error caught in DB queryundefined
[Tue, 23 Oct 2018 05:55:06 GMT] ERROR error caught in DB query
[Tue, 23 Oct 2018 05:55:06 GMT] WARNING error caught in DB queryundefined
[Tue, 23 Oct 2018 05:55:06 GMT] ERROR error caught in DB query
[Tue, 23 Oct 2018 05:55:19 GMT] WARNING error caught in DB queryundefined
[Tue, 23 Oct 2018 05:55:19 GMT] ERROR error caught in DB query
[Tue, 23 Oct 2018 05:55:33 GMT] WARNING error caught in DB queryundefined
[Tue, 23 Oct 2018 05:55:33 GMT] ERROR error caught in DB query
[Tue, 23 Oct 2018 05:56:12 GMT] WARNING error caught in DB queryundefined
[Tue, 23 Oct 2018 05:56:12 GMT] ERROR error caught in DB query
[Tue, 23 Oct 2018 05:56:12 GMT] WARNING error caught in DB queryundefined
[Tue, 23 Oct 2018 05:56:12 GMT] ERROR error caught in DB query
[Tue, 23 Oct 2018 06:02:26 GMT] WARNING error caught in DB queryundefined
[Tue, 23 Oct 2018 06:02:26 GMT] ERROR error caught in DB query
[Tue, 23 Oct 2018 06:02:26 GMT] WARNING error caught in DB queryundefined
[Tue, 23 Oct 2018 06:02:26 GMT] ERROR error caught in DB query
[Tue, 23 Oct 2018 06:02:35 GMT] WARNING error caught in DB queryundefined
[Tue, 23 Oct 2018 06:02:35 GMT] ERROR error caught in DB query
[Tue, 23 Oct 2018 06:02:35 GMT] WARNING error caught in DB queryundefined
[Tue, 23 Oct 2018 06:02:35 GMT] ERROR error caught in DB query
[Tue, 23 Oct 2018 06:03:40 GMT] WARNING error caught in DB queryundefined
[Tue, 23 Oct 2018 06:03:40 GMT] ERROR error caught in DB query
[Tue, 23 Oct 2018 06:03:40 GMT] WARNING error caught in DB queryundefined
[Tue, 23 Oct 2018 06:03:40 GMT] ERROR error caught in DB query
[Tue, 23 Oct 2018 06:04:28 GMT] WARNING error caught in DB queryundefined
[Tue, 23 Oct 2018 06:04:28 GMT] ERROR error caught in DB query
[Tue, 23 Oct 2018 06:04:28 GMT] WARNING error caught in DB queryundefined
[Tue, 23 Oct 2018 06:04:28 GMT] ERROR error caught in DB query
[Tue, 23 Oct 2018 06:04:43 GMT] WARNING error caught in DB queryundefined
[Tue, 23 Oct 2018 06:04:43 GMT] ERROR error caught in DB query
[Tue, 23 Oct 2018 06:04:43 GMT] WARNING error caught in DB queryundefined
[Tue, 23 Oct 2018 06:04:43 GMT] ERROR error caught in DB query
[Tue, 23 Oct 2018 06:05:19 GMT] WARNING error caught in DB queryundefined
[Tue, 23 Oct 2018 06:05:19 GMT] ERROR error caught in DB query
[Tue, 23 Oct 2018 06:05:19 GMT] WARNING error caught in DB queryundefined
[Tue, 23 Oct 2018 06:05:19 GMT] ERROR error caught in DB query
[Tue, 23 Oct 2018 06:05:39 GMT] WARNING error caught in DB queryundefined
[Tue, 23 Oct 2018 06:05:39 GMT] ERROR error caught in DB query
[Tue, 23 Oct 2018 06:05:39 GMT] WARNING error caught in DB queryundefined
[Tue, 23 Oct 2018 06:05:39 GMT] ERROR error caught in DB query
[Tue, 23 Oct 2018 06:11:56 GMT] WARNING error caught in DB queryundefined
[Tue, 23 Oct 2018 06:11:56 GMT] ERROR error caught in DB query
[Tue, 23 Oct 2018 06:11:56 GMT] WARNING error caught in DB queryundefined
[Tue, 23 Oct 2018 06:11:56 GMT] ERROR error caught in DB query
[Tue, 23 Oct 2018 06:13:26 GMT] WARNING error caught in DB queryundefined
[Tue, 23 Oct 2018 06:13:26 GMT] ERROR error caught in DB query
[Tue, 23 Oct 2018 06:13:26 GMT] WARNING error caught in DB queryundefined
[Tue, 23 Oct 2018 06:13:26 GMT] ERROR error caught in DB query
[Tue, 23 Oct 2018 06:13:35 GMT] WARNING error caught in DB queryundefined
[Tue, 23 Oct 2018 06:13:35 GMT] ERROR error caught in DB query
[Tue, 23 Oct 2018 06:13:35 GMT] WARNING error caught in DB queryundefined
[Tue, 23 Oct 2018 06:13:35 GMT] ERROR error caught in DB query
[Tue, 23 Oct 2018 06:15:04 GMT] WARNING error caught in DB queryundefined
[Tue, 23 Oct 2018 06:15:04 GMT] ERROR error caught in DB query
[Tue, 23 Oct 2018 06:15:04 GMT] WARNING error caught in DB queryundefined
[Tue, 23 Oct 2018 06:15:04 GMT] ERROR error caught in DB query
[Tue, 23 Oct 2018 06:15:33 GMT] WARNING error caught in DB queryundefined
[Tue, 23 Oct 2018 06:15:33 GMT] ERROR error caught in DB query
[Tue, 23 Oct 2018 06:15:33 GMT] WARNING error caught in DB queryundefined
[Tue, 23 Oct 2018 06:15:33 GMT] ERROR error caught in DB query
[Tue, 23 Oct 2018 06:16:26 GMT] WARNING error caught in DB queryundefined
[Tue, 23 Oct 2018 06:16:26 GMT] ERROR error caught in DB query
[Tue, 23 Oct 2018 06:16:26 GMT] WARNING error caught in DB queryundefined
[Tue, 23 Oct 2018 06:16:26 GMT] ERROR error caught in DB query
[Tue, 23 Oct 2018 06:16:44 GMT] WARNING error caught in DB queryundefined
[Tue, 23 Oct 2018 06:16:44 GMT] ERROR error caught in DB query
[Tue, 23 Oct 2018 06:16:44 GMT] WARNING error caught in DB queryundefined
[Tue, 23 Oct 2018 06:16:44 GMT] ERROR error caught in DB query
[Tue, 23 Oct 2018 06:26:18 GMT] WARNING error caught in DB queryundefined
[Tue, 23 Oct 2018 06:26:18 GMT] ERROR error caught in DB query
[Tue, 23 Oct 2018 06:26:18 GMT] WARNING error caught in DB queryundefined
[Tue, 23 Oct 2018 06:26:18 GMT] ERROR error caught in DB query
[Tue, 23 Oct 2018 06:27:19 GMT] WARNING error caught in DB queryundefined
[Tue, 23 Oct 2018 06:27:19 GMT] ERROR error caught in DB query
[Tue, 23 Oct 2018 06:27:19 GMT] WARNING error caught in DB queryundefined
[Tue, 23 Oct 2018 06:27:19 GMT] ERROR error caught in DB query
[Tue, 23 Oct 2018 06:27:43 GMT] WARNING error caught in DB queryundefined
[Tue, 23 Oct 2018 06:27:43 GMT] ERROR error caught in DB query
[Tue, 23 Oct 2018 06:27:43 GMT] WARNING error caught in DB queryundefined
[Tue, 23 Oct 2018 06:27:43 GMT] ERROR error caught in DB query
[Tue, 23 Oct 2018 06:28:24 GMT] WARNING error caught in DB queryundefined
[Tue, 23 Oct 2018 06:28:24 GMT] ERROR error caught in DB query
[Tue, 23 Oct 2018 06:28:24 GMT] WARNING error caught in DB queryundefined
[Tue, 23 Oct 2018 06:28:24 GMT] ERROR error caught in DB query
[Tue, 23 Oct 2018 06:46:07 GMT] WARNING error caught in DB queryundefined
[Tue, 23 Oct 2018 06:46:07 GMT] ERROR error caught in DB query
[Tue, 23 Oct 2018 06:46:07 GMT] WARNING error caught in DB queryundefined
[Tue, 23 Oct 2018 06:46:07 GMT] ERROR error caught in DB query
[Tue, 23 Oct 2018 06:46:23 GMT] WARNING error caught in DB queryundefined
[Tue, 23 Oct 2018 06:46:23 GMT] ERROR error caught in DB query
[Tue, 23 Oct 2018 06:46:23 GMT] WARNING error caught in DB queryundefined
[Tue, 23 Oct 2018 06:46:23 GMT] ERROR error caught in DB query
[Tue, 23 Oct 2018 06:49:42 GMT] WARNING error caught in DB queryundefined
[Tue, 23 Oct 2018 06:49:42 GMT] ERROR error caught in DB query
[Tue, 23 Oct 2018 06:49:42 GMT] WARNING error caught in DB queryundefined
[Tue, 23 Oct 2018 06:49:42 GMT] ERROR error caught in DB query
[Tue, 23 Oct 2018 06:50:19 GMT] WARNING error caught in DB queryundefined
[Tue, 23 Oct 2018 06:50:19 GMT] ERROR error caught in DB query
[Tue, 23 Oct 2018 06:50:19 GMT] WARNING error caught in DB queryundefined
[Tue, 23 Oct 2018 06:50:19 GMT] ERROR error caught in DB query
[Tue, 23 Oct 2018 06:51:17 GMT] WARNING error caught in DB queryundefined
[Tue, 23 Oct 2018 06:51:17 GMT] ERROR error caught in DB query
[Tue, 23 Oct 2018 06:51:17 GMT] WARNING error caught in DB queryundefined
[Tue, 23 Oct 2018 06:51:17 GMT] ERROR error caught in DB query
[Tue, 23 Oct 2018 06:52:16 GMT] WARNING error caught in DB queryundefined
[Tue, 23 Oct 2018 06:52:16 GMT] ERROR error caught in DB query
[Tue, 23 Oct 2018 06:52:16 GMT] WARNING error caught in DB queryundefined
[Tue, 23 Oct 2018 06:52:16 GMT] ERROR error caught in DB query
[Tue, 23 Oct 2018 06:52:37 GMT] WARNING error caught in DB queryundefined
[Tue, 23 Oct 2018 06:52:37 GMT] ERROR error caught in DB query
[Tue, 23 Oct 2018 06:52:37 GMT] WARNING error caught in DB queryundefined
[Tue, 23 Oct 2018 06:52:37 GMT] ERROR error caught in DB query
[Tue, 23 Oct 2018 06:59:46 GMT] WARNING error caught in DB queryundefined
[Tue, 23 Oct 2018 06:59:46 GMT] ERROR error caught in DB query
[Tue, 23 Oct 2018 06:59:46 GMT] WARNING error caught in DB queryundefined
[Tue, 23 Oct 2018 06:59:46 GMT] ERROR error caught in DB query
[Tue, 23 Oct 2018 07:00:07 GMT] WARNING error caught in DB queryundefined
[Tue, 23 Oct 2018 07:00:07 GMT] ERROR error caught in DB query
[Tue, 23 Oct 2018 07:00:07 GMT] WARNING error caught in DB queryundefined
[Tue, 23 Oct 2018 07:00:07 GMT] ERROR error caught in DB query
[Tue, 23 Oct 2018 07:13:34 GMT] WARNING error caught in DB queryundefined
[Tue, 23 Oct 2018 07:13:34 GMT] ERROR error caught in DB query
[Tue, 23 Oct 2018 07:13:34 GMT] WARNING error caught in DB queryundefined
[Tue, 23 Oct 2018 07:13:34 GMT] ERROR error caught in DB query
[Tue, 23 Oct 2018 07:14:28 GMT] WARNING error caught in DB queryundefined
[Tue, 23 Oct 2018 07:14:28 GMT] ERROR error caught in DB query
[Tue, 23 Oct 2018 07:14:32 GMT] WARNING error caught in DB queryundefined
[Tue, 23 Oct 2018 07:14:32 GMT] ERROR error caught in DB query
[Tue, 23 Oct 2018 07:16:53 GMT] WARNING error caught in DB queryundefined
[Tue, 23 Oct 2018 07:16:53 GMT] ERROR error caught in DB query
[Tue, 23 Oct 2018 07:17:28 GMT] WARNING error caught in DB queryundefined
[Tue, 23 Oct 2018 07:17:28 GMT] ERROR error caught in DB query
[Tue, 23 Oct 2018 07:17:28 GMT] WARNING error caught in DB queryundefined
[Tue, 23 Oct 2018 07:17:28 GMT] ERROR error caught in DB query
[Tue, 23 Oct 2018 07:17:33 GMT] WARNING error caught in DB queryundefined
[Tue, 23 Oct 2018 07:17:33 GMT] ERROR error caught in DB query
[Tue, 23 Oct 2018 07:18:23 GMT] WARNING error caught in DB queryundefined
[Tue, 23 Oct 2018 07:18:23 GMT] ERROR error caught in DB query
[Tue, 23 Oct 2018 07:22:54 GMT] WARNING error caught in DB queryundefined
[Tue, 23 Oct 2018 07:22:54 GMT] ERROR error caught in DB query
[Tue, 23 Oct 2018 07:23:24 GMT] WARNING error caught in DB queryundefined
[Tue, 23 Oct 2018 07:23:24 GMT] ERROR error caught in DB query
[Tue, 23 Oct 2018 07:23:24 GMT] WARNING error caught in DB query
[Tue, 23 Oct 2018 07:24:17 GMT] WARNING error caught in DB queryundefined
[Tue, 23 Oct 2018 07:24:17 GMT] ERROR error caught in DB query
[Tue, 23 Oct 2018 07:24:17 GMT] WARNING error caught in DB query
[Tue, 23 Oct 2018 07:29:28 GMT] WARNING error caught in DB queryundefined
[Tue, 23 Oct 2018 07:29:28 GMT] ERROR error caught in DB query
[Tue, 23 Oct 2018 07:29:28 GMT] WARNING error caught in DB query
[Tue, 23 Oct 2018 07:30:10 GMT] WARNING error caught in DB queryundefined
[Tue, 23 Oct 2018 07:30:10 GMT] ERROR error caught in DB query
[Tue, 23 Oct 2018 07:30:10 GMT] WARNING error caught in DB query
[Tue, 23 Oct 2018 07:31:01 GMT] WARNING error caught in DB queryundefined
[Tue, 23 Oct 2018 07:31:01 GMT] ERROR error caught in DB query
[Tue, 23 Oct 2018 07:31:02 GMT] WARNING error caught in DB query
[Tue, 23 Oct 2018 07:31:50 GMT] WARNING error caught in DB queryundefined
[Tue, 23 Oct 2018 07:31:50 GMT] ERROR error caught in DB query
[Tue, 23 Oct 2018 07:31:50 GMT] WARNING error caught in DB query
[Tue, 23 Oct 2018 07:32:35 GMT] WARNING error caught in DB queryundefined
[Tue, 23 Oct 2018 07:32:35 GMT] ERROR error caught in DB query
[Tue, 23 Oct 2018 07:33:57 GMT] WARNING error caught in DB queryundefined
[Tue, 23 Oct 2018 07:33:57 GMT] ERROR error caught in DB query
[Tue, 23 Oct 2018 07:33:57 GMT] WARNING error caught in DB queryundefined
[Tue, 23 Oct 2018 07:33:57 GMT] ERROR error caught in DB query
[Tue, 23 Oct 2018 07:34:04 GMT] WARNING error caught in DB queryundefined
[Tue, 23 Oct 2018 07:34:04 GMT] ERROR error caught in DB query
[Tue, 23 Oct 2018 07:37:48 GMT] WARNING error caught in DB queryundefined
[Tue, 23 Oct 2018 07:37:48 GMT] ERROR error caught in DB query
[Tue, 23 Oct 2018 07:37:48 GMT] WARNING error caught in DB queryundefined
[Tue, 23 Oct 2018 07:37:48 GMT] ERROR error caught in DB query
[Tue, 23 Oct 2018 07:37:54 GMT] WARNING error caught in DB queryundefined
[Tue, 23 Oct 2018 07:37:54 GMT] ERROR error caught in DB query
[Tue, 23 Oct 2018 08:51:12 GMT] WARNING error caught in DB queryundefined
[Tue, 23 Oct 2018 08:51:12 GMT] ERROR error caught in DB query
[Tue, 23 Oct 2018 08:51:12 GMT] WARNING error caught in DB queryundefined
[Tue, 23 Oct 2018 08:51:12 GMT] ERROR error caught in DB query
[Tue, 23 Oct 2018 08:51:17 GMT] WARNING error caught in DB queryundefined
[Tue, 23 Oct 2018 08:51:17 GMT] ERROR error caught in DB query
[Tue, 23 Oct 2018 08:54:16 GMT] WARNING error caught in DB queryundefined
[Tue, 23 Oct 2018 08:54:16 GMT] ERROR error caught in DB query
[Tue, 23 Oct 2018 08:54:16 GMT] WARNING error caught in DB queryundefined
[Tue, 23 Oct 2018 08:54:16 GMT] ERROR error caught in DB query
[Tue, 23 Oct 2018 08:54:22 GMT] WARNING error caught in DB queryundefined
[Tue, 23 Oct 2018 08:54:22 GMT] ERROR error caught in DB query
[Tue, 23 Oct 2018 09:01:25 GMT] WARNING error caught in DB queryundefined
[Tue, 23 Oct 2018 09:01:25 GMT] ERROR error caught in DB query
[Tue, 23 Oct 2018 09:01:25 GMT] WARNING error caught in DB queryundefined
[Tue, 23 Oct 2018 09:01:25 GMT] ERROR error caught in DB query
[Tue, 23 Oct 2018 09:01:29 GMT] WARNING error caught in DB queryundefined
[Tue, 23 Oct 2018 09:01:29 GMT] ERROR error caught in DB query
[Tue, 23 Oct 2018 09:02:00 GMT] WARNING error caught in DB queryundefined
[Tue, 23 Oct 2018 09:02:00 GMT] ERROR error caught in DB query
[Tue, 23 Oct 2018 09:02:00 GMT] WARNING error caught in DB queryundefined
[Tue, 23 Oct 2018 09:02:00 GMT] ERROR error caught in DB query
[Tue, 23 Oct 2018 09:02:02 GMT] WARNING error caught in DB queryundefined
[Tue, 23 Oct 2018 09:02:02 GMT] ERROR error caught in DB query
[Tue, 23 Oct 2018 09:02:49 GMT] WARNING error caught in DB queryundefined
[Tue, 23 Oct 2018 09:02:49 GMT] ERROR error caught in DB query
[Tue, 23 Oct 2018 09:02:49 GMT] WARNING error caught in DB queryundefined
[Tue, 23 Oct 2018 09:02:49 GMT] ERROR error caught in DB query
[Tue, 23 Oct 2018 09:03:29 GMT] WARNING error caught in DB queryundefined
[Tue, 23 Oct 2018 09:03:29 GMT] ERROR error caught in DB query
[Tue, 23 Oct 2018 09:03:29 GMT] WARNING error caught in DB queryundefined
[Tue, 23 Oct 2018 09:03:29 GMT] ERROR error caught in DB query
[Tue, 23 Oct 2018 09:03:38 GMT] WARNING error caught in DB queryundefined
[Tue, 23 Oct 2018 09:03:38 GMT] ERROR error caught in DB query
[Tue, 23 Oct 2018 09:03:38 GMT] WARNING error caught in DB queryundefined
[Tue, 23 Oct 2018 09:03:38 GMT] ERROR error caught in DB query
[Tue, 23 Oct 2018 09:03:52 GMT] WARNING error caught in DB queryundefined
[Tue, 23 Oct 2018 09:03:52 GMT] ERROR error caught in DB query
[Tue, 23 Oct 2018 09:03:52 GMT] WARNING error caught in DB queryundefined
[Tue, 23 Oct 2018 09:03:52 GMT] ERROR error caught in DB query
[Tue, 23 Oct 2018 09:04:21 GMT] WARNING error caught in DB queryundefined
[Tue, 23 Oct 2018 09:04:21 GMT] ERROR error caught in DB query
[Tue, 23 Oct 2018 09:04:21 GMT] WARNING error caught in DB queryundefined
[Tue, 23 Oct 2018 09:04:21 GMT] ERROR error caught in DB query
[Tue, 23 Oct 2018 09:04:24 GMT] WARNING error caught in DB queryundefined
[Tue, 23 Oct 2018 09:04:24 GMT] ERROR error caught in DB query
[Tue, 23 Oct 2018 09:04:41 GMT] WARNING error caught in DB queryundefined
[Tue, 23 Oct 2018 09:04:41 GMT] ERROR error caught in DB query
[Tue, 23 Oct 2018 09:04:41 GMT] WARNING error caught in DB queryundefined
[Tue, 23 Oct 2018 09:04:41 GMT] ERROR error caught in DB query
[Tue, 23 Oct 2018 09:04:44 GMT] WARNING error caught in DB queryundefined
[Tue, 23 Oct 2018 09:04:44 GMT] ERROR error caught in DB query
[Tue, 23 Oct 2018 09:06:15 GMT] WARNING error caught in DB queryundefined
[Tue, 23 Oct 2018 09:06:15 GMT] ERROR error caught in DB query
[Tue, 23 Oct 2018 09:06:15 GMT] WARNING error caught in DB queryundefined
[Tue, 23 Oct 2018 09:06:15 GMT] ERROR error caught in DB query
[Tue, 23 Oct 2018 09:07:40 GMT] WARNING error caught in DB queryundefined
[Tue, 23 Oct 2018 09:07:40 GMT] ERROR error caught in DB query
[Tue, 23 Oct 2018 09:07:40 GMT] WARNING error caught in DB queryundefined
[Tue, 23 Oct 2018 09:07:40 GMT] ERROR error caught in DB query
[Tue, 23 Oct 2018 09:07:44 GMT] WARNING error caught in DB queryundefined
[Tue, 23 Oct 2018 09:07:44 GMT] ERROR error caught in DB query
[Tue, 23 Oct 2018 09:07:57 GMT] WARNING error caught in DB queryundefined
[Tue, 23 Oct 2018 09:07:57 GMT] ERROR error caught in DB query
[Tue, 23 Oct 2018 09:07:57 GMT] WARNING error caught in DB queryundefined
[Tue, 23 Oct 2018 09:07:57 GMT] ERROR error caught in DB query
[Tue, 23 Oct 2018 09:08:37 GMT] WARNING error caught in DB queryundefined
[Tue, 23 Oct 2018 09:08:37 GMT] ERROR error caught in DB query
[Tue, 23 Oct 2018 09:08:37 GMT] WARNING error caught in DB queryundefined
[Tue, 23 Oct 2018 09:08:37 GMT] ERROR error caught in DB query
[Tue, 23 Oct 2018 09:08:43 GMT] WARNING error caught in DB queryundefined
[Tue, 23 Oct 2018 09:08:43 GMT] ERROR error caught in DB query
[Tue, 23 Oct 2018 09:10:17 GMT] WARNING error caught in DB queryundefined
[Tue, 23 Oct 2018 09:10:17 GMT] ERROR error caught in DB query
[Tue, 23 Oct 2018 09:10:17 GMT] WARNING error caught in DB queryundefined
[Tue, 23 Oct 2018 09:10:17 GMT] ERROR error caught in DB query
[Tue, 23 Oct 2018 09:10:20 GMT] WARNING error caught in DB queryundefined
[Tue, 23 Oct 2018 09:10:20 GMT] ERROR error caught in DB query
[Tue, 23 Oct 2018 09:10:29 GMT] WARNING error caught in DB queryundefined
[Tue, 23 Oct 2018 09:10:29 GMT] ERROR error caught in DB query
[Tue, 23 Oct 2018 09:10:29 GMT] WARNING error caught in DB queryundefined
[Tue, 23 Oct 2018 09:10:29 GMT] ERROR error caught in DB query
[Tue, 23 Oct 2018 09:10:32 GMT] WARNING error caught in DB queryundefined
[Tue, 23 Oct 2018 09:10:32 GMT] ERROR error caught in DB query
[Tue, 23 Oct 2018 09:11:21 GMT] WARNING error caught in DB queryundefined
[Tue, 23 Oct 2018 09:11:21 GMT] ERROR error caught in DB query
[Tue, 23 Oct 2018 09:11:21 GMT] WARNING error caught in DB queryundefined
[Tue, 23 Oct 2018 09:11:21 GMT] ERROR error caught in DB query
[Tue, 23 Oct 2018 09:11:41 GMT] WARNING error caught in DB queryundefined
[Tue, 23 Oct 2018 09:11:41 GMT] ERROR error caught in DB query
[Tue, 23 Oct 2018 09:11:41 GMT] WARNING error caught in DB queryundefined
[Tue, 23 Oct 2018 09:11:41 GMT] ERROR error caught in DB query
[Tue, 23 Oct 2018 09:11:48 GMT] WARNING error caught in DB queryundefined
[Tue, 23 Oct 2018 09:11:48 GMT] ERROR error caught in DB query
[Tue, 23 Oct 2018 09:11:48 GMT] WARNING error caught in DB queryundefined
[Tue, 23 Oct 2018 09:11:48 GMT] ERROR error caught in DB query
[Tue, 23 Oct 2018 09:12:11 GMT] WARNING error caught in DB queryundefined
[Tue, 23 Oct 2018 09:12:11 GMT] ERROR error caught in DB query
[Tue, 23 Oct 2018 09:12:11 GMT] WARNING error caught in DB queryundefined
[Tue, 23 Oct 2018 09:12:11 GMT] ERROR error caught in DB query
[Tue, 23 Oct 2018 09:12:13 GMT] WARNING error caught in DB queryundefined
[Tue, 23 Oct 2018 09:12:13 GMT] ERROR error caught in DB query
[Tue, 23 Oct 2018 09:14:51 GMT] WARNING error caught in DB queryundefined
[Tue, 23 Oct 2018 09:14:51 GMT] ERROR error caught in DB query
[Tue, 23 Oct 2018 09:14:51 GMT] WARNING error caught in DB queryundefined
[Tue, 23 Oct 2018 09:14:51 GMT] ERROR error caught in DB query
[Tue, 23 Oct 2018 09:15:23 GMT] WARNING error caught in DB queryundefined
[Tue, 23 Oct 2018 09:15:23 GMT] ERROR error caught in DB query
[Tue, 23 Oct 2018 09:15:23 GMT] WARNING error caught in DB queryundefined
[Tue, 23 Oct 2018 09:15:23 GMT] ERROR error caught in DB query
[Tue, 23 Oct 2018 09:15:37 GMT] WARNING error caught in DB queryundefined
[Tue, 23 Oct 2018 09:15:37 GMT] ERROR error caught in DB query
[Tue, 23 Oct 2018 09:15:52 GMT] WARNING error caught in DB queryundefined
[Tue, 23 Oct 2018 09:15:52 GMT] ERROR error caught in DB query
[Tue, 23 Oct 2018 09:15:52 GMT] WARNING error caught in DB queryundefined
[Tue, 23 Oct 2018 09:15:52 GMT] ERROR error caught in DB query
[Tue, 23 Oct 2018 09:16:08 GMT] WARNING error caught in DB queryundefined
[Tue, 23 Oct 2018 09:16:08 GMT] ERROR error caught in DB query
[Tue, 23 Oct 2018 09:16:08 GMT] WARNING error caught in DB queryundefined
[Tue, 23 Oct 2018 09:16:08 GMT] ERROR error caught in DB query
[Tue, 23 Oct 2018 09:16:12 GMT] WARNING error caught in DB queryundefined
[Tue, 23 Oct 2018 09:16:12 GMT] ERROR error caught in DB query
[Tue, 23 Oct 2018 09:17:41 GMT] WARNING error caught in DB queryundefined
[Tue, 23 Oct 2018 09:17:41 GMT] ERROR error caught in DB query
[Tue, 23 Oct 2018 09:17:41 GMT] WARNING error caught in DB queryundefined
[Tue, 23 Oct 2018 09:17:41 GMT] ERROR error caught in DB query
[Tue, 23 Oct 2018 09:17:50 GMT] WARNING error caught in DB queryundefined
[Tue, 23 Oct 2018 09:17:50 GMT] ERROR error caught in DB query
[Tue, 23 Oct 2018 09:27:05 GMT] WARNING error caught in DB queryundefined
[Tue, 23 Oct 2018 09:27:05 GMT] ERROR error caught in DB query
[Tue, 23 Oct 2018 09:27:05 GMT] WARNING error caught in DB queryundefined
[Tue, 23 Oct 2018 09:27:05 GMT] ERROR error caught in DB query
[Tue, 23 Oct 2018 09:27:31 GMT] WARNING error caught in DB queryundefined
[Tue, 23 Oct 2018 09:27:31 GMT] ERROR error caught in DB query
[Tue, 23 Oct 2018 09:27:31 GMT] WARNING error caught in DB queryundefined
[Tue, 23 Oct 2018 09:27:31 GMT] ERROR error caught in DB query
[Tue, 23 Oct 2018 09:27:58 GMT] WARNING error caught in DB queryundefined
[Tue, 23 Oct 2018 09:27:58 GMT] ERROR error caught in DB query
[Tue, 23 Oct 2018 09:27:58 GMT] WARNING error caught in DB queryundefined
[Tue, 23 Oct 2018 09:27:58 GMT] ERROR error caught in DB query
[Tue, 23 Oct 2018 09:28:05 GMT] WARNING error caught in DB queryundefined
[Tue, 23 Oct 2018 09:28:05 GMT] ERROR error caught in DB query
[Tue, 23 Oct 2018 09:28:05 GMT] WARNING error caught in DB queryundefined
[Tue, 23 Oct 2018 09:28:05 GMT] ERROR error caught in DB query
[Tue, 23 Oct 2018 09:28:08 GMT] WARNING error caught in DB queryundefined
[Tue, 23 Oct 2018 09:28:08 GMT] ERROR error caught in DB query
[Tue, 23 Oct 2018 09:28:08 GMT] WARNING error caught in DB queryundefined
[Tue, 23 Oct 2018 09:28:08 GMT] ERROR error caught in DB query
[Tue, 23 Oct 2018 09:29:38 GMT] WARNING error caught in DB queryundefined
[Tue, 23 Oct 2018 09:29:38 GMT] ERROR error caught in DB query
[Tue, 23 Oct 2018 09:29:38 GMT] WARNING error caught in DB queryundefined
[Tue, 23 Oct 2018 09:29:38 GMT] ERROR error caught in DB query
[Tue, 23 Oct 2018 09:29:43 GMT] WARNING error caught in DB queryundefined
[Tue, 23 Oct 2018 09:29:43 GMT] ERROR error caught in DB query
[Tue, 23 Oct 2018 09:31:47 GMT] WARNING error caught in DB queryundefined
[Tue, 23 Oct 2018 09:31:47 GMT] ERROR error caught in DB query
[Tue, 23 Oct 2018 09:31:47 GMT] WARNING error caught in DB queryundefined
[Tue, 23 Oct 2018 09:31:47 GMT] ERROR error caught in DB query
[Tue, 23 Oct 2018 09:31:51 GMT] WARNING error caught in DB queryundefined
[Tue, 23 Oct 2018 09:31:51 GMT] ERROR error caught in DB query
[Tue, 23 Oct 2018 09:31:55 GMT] WARNING error caught in DB queryundefined
[Tue, 23 Oct 2018 09:31:55 GMT] ERROR error caught in DB query
[Tue, 23 Oct 2018 09:31:55 GMT] WARNING error caught in DB queryundefined
[Tue, 23 Oct 2018 09:31:55 GMT] ERROR error caught in DB query
[Tue, 23 Oct 2018 09:32:19 GMT] WARNING error caught in DB queryundefined
[Tue, 23 Oct 2018 09:32:19 GMT] ERROR error caught in DB query
[Tue, 23 Oct 2018 09:32:19 GMT] WARNING error caught in DB queryundefined
[Tue, 23 Oct 2018 09:32:19 GMT] ERROR error caught in DB query
[Tue, 23 Oct 2018 09:32:21 GMT] WARNING error caught in DB queryundefined
[Tue, 23 Oct 2018 09:32:21 GMT] ERROR error caught in DB query
[Tue, 23 Oct 2018 09:32:22 GMT] WARNING error caught in DB queryundefined
[Tue, 23 Oct 2018 09:32:22 GMT] ERROR error caught in DB query
[Tue, 23 Oct 2018 09:32:22 GMT] WARNING error caught in DB queryundefined
[Tue, 23 Oct 2018 09:32:22 GMT] ERROR error caught in DB query
[Tue, 23 Oct 2018 09:32:33 GMT] WARNING error caught in DB queryundefined
[Tue, 23 Oct 2018 09:32:33 GMT] ERROR error caught in DB query
[Tue, 23 Oct 2018 09:32:33 GMT] WARNING error caught in DB queryundefined
[Tue, 23 Oct 2018 09:32:33 GMT] ERROR error caught in DB query
[Tue, 23 Oct 2018 09:32:36 GMT] WARNING error caught in DB queryundefined
[Tue, 23 Oct 2018 09:32:36 GMT] ERROR error caught in DB query
[Tue, 23 Oct 2018 09:32:37 GMT] WARNING error caught in DB queryundefined
[Tue, 23 Oct 2018 09:32:37 GMT] ERROR error caught in DB query
[Tue, 23 Oct 2018 09:32:37 GMT] WARNING error caught in DB queryundefined
[Tue, 23 Oct 2018 09:32:37 GMT] ERROR error caught in DB query
[Tue, 23 Oct 2018 09:32:46 GMT] WARNING error caught in DB queryundefined
[Tue, 23 Oct 2018 09:32:46 GMT] ERROR error caught in DB query
[Tue, 23 Oct 2018 09:32:46 GMT] WARNING error caught in DB queryundefined
[Tue, 23 Oct 2018 09:32:46 GMT] ERROR error caught in DB query
[Tue, 23 Oct 2018 09:32:50 GMT] WARNING error caught in DB queryundefined
[Tue, 23 Oct 2018 09:32:50 GMT] ERROR error caught in DB query
[Tue, 23 Oct 2018 09:33:09 GMT] WARNING error caught in DB queryundefined
[Tue, 23 Oct 2018 09:33:09 GMT] ERROR error caught in DB query
[Tue, 23 Oct 2018 09:33:09 GMT] WARNING error caught in DB queryundefined
[Tue, 23 Oct 2018 09:33:09 GMT] ERROR error caught in DB query
[Tue, 23 Oct 2018 09:33:12 GMT] WARNING error caught in DB queryundefined
[Tue, 23 Oct 2018 09:33:12 GMT] ERROR error caught in DB query
[Tue, 23 Oct 2018 09:33:12 GMT] WARNING error caught in DB queryundefined
[Tue, 23 Oct 2018 09:33:12 GMT] ERROR error caught in DB query
[Tue, 23 Oct 2018 09:33:17 GMT] WARNING error caught in DB queryundefined
[Tue, 23 Oct 2018 09:33:17 GMT] ERROR error caught in DB query
[Tue, 23 Oct 2018 09:34:27 GMT] WARNING error caught in DB queryundefined
[Tue, 23 Oct 2018 09:34:27 GMT] ERROR error caught in DB query
[Tue, 23 Oct 2018 09:34:27 GMT] WARNING error caught in DB queryundefined
[Tue, 23 Oct 2018 09:34:27 GMT] ERROR error caught in DB query
[Tue, 23 Oct 2018 09:34:30 GMT] WARNING error caught in DB queryundefined
[Tue, 23 Oct 2018 09:34:30 GMT] ERROR error caught in DB query
[Tue, 23 Oct 2018 09:34:30 GMT] WARNING error caught in DB queryundefined
[Tue, 23 Oct 2018 09:34:30 GMT] ERROR error caught in DB query
[Tue, 23 Oct 2018 09:34:30 GMT] WARNING error caught in DB queryundefined
[Tue, 23 Oct 2018 09:34:30 GMT] ERROR error caught in DB query
[Tue, 23 Oct 2018 09:35:05 GMT] WARNING error caught in DB queryundefined
[Tue, 23 Oct 2018 09:35:05 GMT] ERROR error caught in DB query
[Tue, 23 Oct 2018 09:35:05 GMT] WARNING error caught in DB queryundefined
[Tue, 23 Oct 2018 09:35:05 GMT] ERROR error caught in DB query
[Tue, 23 Oct 2018 09:35:07 GMT] WARNING error caught in DB queryundefined
[Tue, 23 Oct 2018 09:35:07 GMT] ERROR error caught in DB query
[Tue, 23 Oct 2018 09:35:07 GMT] WARNING error caught in DB queryundefined
[Tue, 23 Oct 2018 09:35:07 GMT] ERROR error caught in DB query
[Tue, 23 Oct 2018 09:35:08 GMT] WARNING error caught in DB queryundefined
[Tue, 23 Oct 2018 09:35:08 GMT] ERROR error caught in DB query
[Tue, 23 Oct 2018 09:35:38 GMT] WARNING error caught in DB queryundefined
[Tue, 23 Oct 2018 09:35:38 GMT] ERROR error caught in DB query
[Tue, 23 Oct 2018 09:35:38 GMT] WARNING error caught in DB queryundefined
[Tue, 23 Oct 2018 09:35:38 GMT] ERROR error caught in DB query
[Tue, 23 Oct 2018 09:35:41 GMT] WARNING error caught in DB queryundefined
[Tue, 23 Oct 2018 09:35:41 GMT] ERROR error caught in DB query
[Tue, 23 Oct 2018 09:36:07 GMT] WARNING error caught in DB queryundefined
[Tue, 23 Oct 2018 09:36:07 GMT] ERROR error caught in DB query
[Tue, 23 Oct 2018 09:36:07 GMT] WARNING error caught in DB queryundefined
[Tue, 23 Oct 2018 09:36:07 GMT] ERROR error caught in DB query
[Tue, 23 Oct 2018 09:36:14 GMT] WARNING error caught in DB queryundefined
[Tue, 23 Oct 2018 09:36:14 GMT] ERROR error caught in DB query
[Tue, 23 Oct 2018 09:36:57 GMT] WARNING error caught in DB queryundefined
[Tue, 23 Oct 2018 09:36:57 GMT] ERROR error caught in DB query
[Tue, 23 Oct 2018 09:36:57 GMT] WARNING error caught in DB queryundefined
[Tue, 23 Oct 2018 09:36:57 GMT] ERROR error caught in DB query
[Tue, 23 Oct 2018 09:37:00 GMT] WARNING error caught in DB queryundefined
[Tue, 23 Oct 2018 09:37:00 GMT] ERROR error caught in DB query
[Tue, 23 Oct 2018 09:37:50 GMT] WARNING error caught in DB queryundefined
[Tue, 23 Oct 2018 09:37:50 GMT] ERROR error caught in DB query
[Tue, 23 Oct 2018 09:37:50 GMT] WARNING error caught in DB queryundefined
[Tue, 23 Oct 2018 09:37:50 GMT] ERROR error caught in DB query
[Tue, 23 Oct 2018 09:37:52 GMT] WARNING error caught in DB queryundefined
[Tue, 23 Oct 2018 09:37:52 GMT] ERROR error caught in DB query
[Tue, 23 Oct 2018 09:37:52 GMT] WARNING error caught in DB queryundefined
[Tue, 23 Oct 2018 09:37:52 GMT] ERROR error caught in DB query
[Tue, 23 Oct 2018 09:37:57 GMT] WARNING error caught in DB queryundefined
[Tue, 23 Oct 2018 09:37:57 GMT] ERROR error caught in DB query
[Tue, 23 Oct 2018 09:39:22 GMT] WARNING error caught in DB queryundefined
[Tue, 23 Oct 2018 09:39:22 GMT] ERROR error caught in DB query
[Tue, 23 Oct 2018 09:39:22 GMT] WARNING error caught in DB queryundefined
[Tue, 23 Oct 2018 09:39:22 GMT] ERROR error caught in DB query
[Tue, 23 Oct 2018 09:39:26 GMT] WARNING error caught in DB queryundefined
[Tue, 23 Oct 2018 09:39:26 GMT] ERROR error caught in DB query
[Tue, 23 Oct 2018 09:39:26 GMT] WARNING error caught in DB queryundefined
[Tue, 23 Oct 2018 09:39:26 GMT] ERROR error caught in DB query
[Tue, 23 Oct 2018 09:40:05 GMT] WARNING error caught in DB queryundefined
[Tue, 23 Oct 2018 09:40:05 GMT] ERROR error caught in DB query
[Tue, 23 Oct 2018 09:40:05 GMT] WARNING error caught in DB queryundefined
[Tue, 23 Oct 2018 09:40:05 GMT] ERROR error caught in DB query
[Tue, 23 Oct 2018 09:40:13 GMT] WARNING error caught in DB queryundefined
[Tue, 23 Oct 2018 09:40:13 GMT] ERROR error caught in DB query
[Tue, 23 Oct 2018 09:40:13 GMT] WARNING error caught in DB queryundefined
[Tue, 23 Oct 2018 09:40:13 GMT] ERROR error caught in DB query
[Tue, 23 Oct 2018 09:41:47 GMT] WARNING error caught in DB queryundefined
[Tue, 23 Oct 2018 09:41:47 GMT] ERROR error caught in DB query
[Tue, 23 Oct 2018 09:41:47 GMT] WARNING error caught in DB queryundefined
[Tue, 23 Oct 2018 09:41:47 GMT] ERROR error caught in DB query
[Tue, 23 Oct 2018 09:41:52 GMT] WARNING error caught in DB queryundefined
[Tue, 23 Oct 2018 09:41:52 GMT] ERROR error caught in DB query
[Tue, 23 Oct 2018 09:41:52 GMT] WARNING error caught in DB queryundefined
[Tue, 23 Oct 2018 09:41:52 GMT] ERROR error caught in DB query
[Tue, 23 Oct 2018 09:43:54 GMT] WARNING error caught in DB queryundefined
[Tue, 23 Oct 2018 09:43:54 GMT] ERROR error caught in DB query
[Tue, 23 Oct 2018 10:12:06 GMT] WARNING error caught in DB queryundefined
[Tue, 23 Oct 2018 10:12:06 GMT] ERROR error caught in DB query
[Tue, 23 Oct 2018 10:12:06 GMT] WARNING error caught in DB queryundefined
[Tue, 23 Oct 2018 10:12:06 GMT] ERROR error caught in DB query
[Tue, 23 Oct 2018 10:12:08 GMT] WARNING error caught in DB queryundefined
[Tue, 23 Oct 2018 10:12:08 GMT] ERROR error caught in DB query
[Tue, 23 Oct 2018 10:12:09 GMT] WARNING error caught in DB queryundefined
[Tue, 23 Oct 2018 10:12:09 GMT] ERROR error caught in DB query
[Tue, 23 Oct 2018 10:12:09 GMT] WARNING error caught in DB queryundefined
[Tue, 23 Oct 2018 10:12:09 GMT] ERROR error caught in DB query
[Tue, 23 Oct 2018 10:12:15 GMT] WARNING error caught in DB queryundefined
[Tue, 23 Oct 2018 10:12:15 GMT] ERROR error caught in DB query
[Tue, 23 Oct 2018 10:12:45 GMT] WARNING error caught in DB queryundefined
[Tue, 23 Oct 2018 10:12:45 GMT] ERROR error caught in DB query
[Tue, 23 Oct 2018 10:12:45 GMT] WARNING error caught in DB queryundefined
[Tue, 23 Oct 2018 10:12:45 GMT] ERROR error caught in DB query
[Tue, 23 Oct 2018 10:12:46 GMT] WARNING error caught in DB queryundefined
[Tue, 23 Oct 2018 10:12:46 GMT] ERROR error caught in DB query
[Tue, 23 Oct 2018 10:12:48 GMT] WARNING error caught in DB queryundefined
[Tue, 23 Oct 2018 10:12:48 GMT] ERROR error caught in DB query
[Tue, 23 Oct 2018 10:12:48 GMT] WARNING error caught in DB queryundefined
[Tue, 23 Oct 2018 10:12:48 GMT] ERROR error caught in DB query
[Tue, 23 Oct 2018 10:15:23 GMT] WARNING error caught in DB queryundefined
[Tue, 23 Oct 2018 10:15:23 GMT] ERROR error caught in DB query
[Tue, 23 Oct 2018 10:15:23 GMT] WARNING error caught in DB queryundefined
[Tue, 23 Oct 2018 10:15:23 GMT] ERROR error caught in DB query
[Tue, 23 Oct 2018 10:15:26 GMT] WARNING error caught in DB queryundefined
[Tue, 23 Oct 2018 10:15:26 GMT] ERROR error caught in DB query
[Tue, 23 Oct 2018 10:15:26 GMT] WARNING error caught in DB queryundefined
[Tue, 23 Oct 2018 10:15:26 GMT] ERROR error caught in DB query
[Tue, 23 Oct 2018 10:15:28 GMT] WARNING error caught in DB queryundefined
[Tue, 23 Oct 2018 10:15:28 GMT] ERROR error caught in DB query
[Tue, 23 Oct 2018 10:16:09 GMT] WARNING error caught in DB queryundefined
[Tue, 23 Oct 2018 10:16:09 GMT] ERROR error caught in DB query
[Tue, 23 Oct 2018 10:16:09 GMT] WARNING error caught in DB queryundefined
[Tue, 23 Oct 2018 10:16:09 GMT] ERROR error caught in DB query
[Tue, 23 Oct 2018 10:16:11 GMT] WARNING error caught in DB queryundefined
[Tue, 23 Oct 2018 10:16:11 GMT] ERROR error caught in DB query
[Tue, 23 Oct 2018 10:16:13 GMT] WARNING error caught in DB queryundefined
[Tue, 23 Oct 2018 10:16:13 GMT] ERROR error caught in DB query
[Tue, 23 Oct 2018 10:16:13 GMT] WARNING error caught in DB queryundefined
[Tue, 23 Oct 2018 10:16:13 GMT] ERROR error caught in DB query
[Tue, 23 Oct 2018 10:17:40 GMT] WARNING error caught in DB queryundefined
[Tue, 23 Oct 2018 10:17:40 GMT] ERROR error caught in DB query
[Tue, 23 Oct 2018 10:17:40 GMT] WARNING error caught in DB queryundefined
[Tue, 23 Oct 2018 10:17:40 GMT] ERROR error caught in DB query
[Tue, 23 Oct 2018 10:17:45 GMT] WARNING error caught in DB queryundefined
[Tue, 23 Oct 2018 10:17:45 GMT] ERROR error caught in DB query
[Tue, 23 Oct 2018 10:17:52 GMT] WARNING error caught in DB queryundefined
[Tue, 23 Oct 2018 10:17:52 GMT] ERROR error caught in DB query
[Tue, 23 Oct 2018 10:18:20 GMT] WARNING error caught in DB queryundefined
[Tue, 23 Oct 2018 10:18:20 GMT] ERROR error caught in DB query
[Tue, 23 Oct 2018 10:18:20 GMT] WARNING error caught in DB queryundefined
[Tue, 23 Oct 2018 10:18:20 GMT] ERROR error caught in DB query
[Tue, 23 Oct 2018 10:18:22 GMT] WARNING error caught in DB queryundefined
[Tue, 23 Oct 2018 10:18:22 GMT] ERROR error caught in DB query
[Tue, 23 Oct 2018 10:18:40 GMT] WARNING error caught in DB queryundefined
[Tue, 23 Oct 2018 10:18:40 GMT] ERROR error caught in DB query
[Tue, 23 Oct 2018 10:18:40 GMT] WARNING error caught in DB queryundefined
[Tue, 23 Oct 2018 10:18:40 GMT] ERROR error caught in DB query
[Tue, 23 Oct 2018 10:18:42 GMT] WARNING error caught in DB queryundefined
[Tue, 23 Oct 2018 10:18:42 GMT] ERROR error caught in DB query
[Tue, 23 Oct 2018 10:19:12 GMT] WARNING error caught in DB queryundefined
[Tue, 23 Oct 2018 10:19:12 GMT] ERROR error caught in DB query
[Tue, 23 Oct 2018 10:19:12 GMT] WARNING error caught in DB queryundefined
[Tue, 23 Oct 2018 10:19:12 GMT] ERROR error caught in DB query
[Tue, 23 Oct 2018 10:19:28 GMT] WARNING error caught in DB queryundefined
[Tue, 23 Oct 2018 10:19:28 GMT] ERROR error caught in DB query
[Tue, 23 Oct 2018 10:19:28 GMT] WARNING error caught in DB queryundefined
[Tue, 23 Oct 2018 10:19:28 GMT] ERROR error caught in DB query
[Tue, 23 Oct 2018 10:20:16 GMT] WARNING error caught in DB queryundefined
[Tue, 23 Oct 2018 10:20:16 GMT] ERROR error caught in DB query
[Tue, 23 Oct 2018 10:20:16 GMT] WARNING error caught in DB queryundefined
[Tue, 23 Oct 2018 10:20:16 GMT] ERROR error caught in DB query
[Tue, 23 Oct 2018 10:21:58 GMT] WARNING error caught in DB queryundefined
[Tue, 23 Oct 2018 10:21:58 GMT] ERROR error caught in DB query
[Tue, 23 Oct 2018 10:21:58 GMT] WARNING error caught in DB queryundefined
[Tue, 23 Oct 2018 10:21:58 GMT] ERROR error caught in DB query
[Tue, 23 Oct 2018 10:37:26 GMT] WARNING error caught in DB queryundefined
[Tue, 23 Oct 2018 10:37:26 GMT] ERROR error caught in DB query
[Tue, 23 Oct 2018 10:37:26 GMT] WARNING error caught in DB queryundefined
[Tue, 23 Oct 2018 10:37:26 GMT] ERROR error caught in DB query
[Tue, 23 Oct 2018 10:39:01 GMT] WARNING error caught in DB queryundefined
[Tue, 23 Oct 2018 10:39:01 GMT] ERROR error caught in DB query
[Tue, 23 Oct 2018 10:39:01 GMT] WARNING error caught in DB queryundefined
[Tue, 23 Oct 2018 10:39:01 GMT] ERROR error caught in DB query
[Tue, 23 Oct 2018 10:39:03 GMT] WARNING error caught in DB queryundefined
[Tue, 23 Oct 2018 10:39:03 GMT] ERROR error caught in DB query
[Tue, 23 Oct 2018 10:39:21 GMT] WARNING error caught in DB queryundefined
[Tue, 23 Oct 2018 10:39:21 GMT] ERROR error caught in DB query
[Tue, 23 Oct 2018 10:39:21 GMT] WARNING error caught in DB queryundefined
[Tue, 23 Oct 2018 10:39:21 GMT] ERROR error caught in DB query
[Tue, 23 Oct 2018 10:39:23 GMT] WARNING error caught in DB queryundefined
[Tue, 23 Oct 2018 10:39:23 GMT] ERROR error caught in DB query
[Tue, 23 Oct 2018 11:05:15 GMT] WARNING error caught in DB queryundefined
[Tue, 23 Oct 2018 11:05:15 GMT] ERROR error caught in DB query
[Tue, 23 Oct 2018 11:05:15 GMT] WARNING error caught in DB queryundefined
[Tue, 23 Oct 2018 11:05:15 GMT] ERROR error caught in DB query
[Tue, 23 Oct 2018 11:05:23 GMT] WARNING error caught in DB queryundefined
[Tue, 23 Oct 2018 11:05:23 GMT] ERROR error caught in DB query
[Tue, 23 Oct 2018 11:08:51 GMT] WARNING error caught in DB queryundefined
[Tue, 23 Oct 2018 11:08:51 GMT] ERROR error caught in DB query
[Tue, 23 Oct 2018 11:08:51 GMT] WARNING error caught in DB queryundefined
[Tue, 23 Oct 2018 11:08:51 GMT] ERROR error caught in DB query
[Tue, 23 Oct 2018 11:08:53 GMT] WARNING error caught in DB queryundefined
[Tue, 23 Oct 2018 11:08:53 GMT] ERROR error caught in DB query
[Tue, 23 Oct 2018 11:09:38 GMT] WARNING error caught in DB queryundefined
[Tue, 23 Oct 2018 11:09:38 GMT] ERROR error caught in DB query
[Tue, 23 Oct 2018 11:11:29 GMT] WARNING error caught in DB queryundefined
[Tue, 23 Oct 2018 11:11:29 GMT] ERROR error caught in DB query
[Tue, 23 Oct 2018 11:11:29 GMT] WARNING error caught in DB queryundefined
[Tue, 23 Oct 2018 11:11:29 GMT] ERROR error caught in DB query
[Tue, 23 Oct 2018 11:11:33 GMT] WARNING error caught in DB queryundefined
[Tue, 23 Oct 2018 11:11:33 GMT] ERROR error caught in DB query
[Tue, 23 Oct 2018 11:11:33 GMT] WARNING error caught in DB queryundefined
[Tue, 23 Oct 2018 11:11:33 GMT] ERROR error caught in DB query
[Tue, 23 Oct 2018 11:12:01 GMT] WARNING error caught in DB queryundefined
[Tue, 23 Oct 2018 11:12:01 GMT] ERROR error caught in DB query
[Tue, 23 Oct 2018 11:12:01 GMT] WARNING error caught in DB queryundefined
[Tue, 23 Oct 2018 11:12:01 GMT] ERROR error caught in DB query
[Tue, 23 Oct 2018 11:12:04 GMT] WARNING error caught in DB queryundefined
[Tue, 23 Oct 2018 11:12:04 GMT] ERROR error caught in DB query
[Tue, 23 Oct 2018 11:12:04 GMT] WARNING error caught in DB queryundefined
[Tue, 23 Oct 2018 11:12:04 GMT] ERROR error caught in DB query
[Tue, 23 Oct 2018 11:13:01 GMT] WARNING error caught in DB queryundefined
[Tue, 23 Oct 2018 11:13:01 GMT] ERROR error caught in DB query
[Tue, 23 Oct 2018 11:13:01 GMT] WARNING error caught in DB queryundefined
[Tue, 23 Oct 2018 11:13:01 GMT] ERROR error caught in DB query
[Tue, 23 Oct 2018 11:13:03 GMT] WARNING error caught in DB queryundefined
[Tue, 23 Oct 2018 11:13:03 GMT] ERROR error caught in DB query
[Tue, 23 Oct 2018 11:13:03 GMT] WARNING error caught in DB queryundefined
[Tue, 23 Oct 2018 11:13:03 GMT] ERROR error caught in DB query
[Tue, 23 Oct 2018 11:21:40 GMT] WARNING error caught in DB queryundefined
[Tue, 23 Oct 2018 11:21:40 GMT] ERROR error caught in DB query
[Tue, 23 Oct 2018 11:21:40 GMT] WARNING error caught in DB queryundefined
[Tue, 23 Oct 2018 11:21:40 GMT] ERROR error caught in DB query
[Tue, 23 Oct 2018 11:21:46 GMT] WARNING error caught in DB queryundefined
[Tue, 23 Oct 2018 11:21:46 GMT] ERROR error caught in DB query
[Tue, 23 Oct 2018 11:22:02 GMT] WARNING error caught in DB queryundefined
[Tue, 23 Oct 2018 11:22:02 GMT] ERROR error caught in DB query
[Tue, 23 Oct 2018 11:22:02 GMT] WARNING error caught in DB queryundefined
[Tue, 23 Oct 2018 11:22:02 GMT] ERROR error caught in DB query
[Tue, 23 Oct 2018 11:22:07 GMT] WARNING error caught in DB queryundefined
[Tue, 23 Oct 2018 11:22:07 GMT] ERROR error caught in DB query
[Tue, 23 Oct 2018 11:22:51 GMT] WARNING error caught in DB queryundefined
[Tue, 23 Oct 2018 11:22:51 GMT] ERROR error caught in DB query
[Tue, 23 Oct 2018 11:22:51 GMT] WARNING error caught in DB queryundefined
[Tue, 23 Oct 2018 11:22:51 GMT] ERROR error caught in DB query
[Tue, 23 Oct 2018 11:22:54 GMT] WARNING error caught in DB queryundefined
[Tue, 23 Oct 2018 11:22:54 GMT] ERROR error caught in DB query
[Tue, 23 Oct 2018 11:23:06 GMT] WARNING error caught in DB queryundefined
[Tue, 23 Oct 2018 11:23:06 GMT] ERROR error caught in DB query
[Tue, 23 Oct 2018 11:23:06 GMT] WARNING error caught in DB queryundefined
[Tue, 23 Oct 2018 11:23:06 GMT] ERROR error caught in DB query
[Tue, 23 Oct 2018 11:23:13 GMT] WARNING error caught in DB queryundefined
[Tue, 23 Oct 2018 11:23:13 GMT] ERROR error caught in DB query
[Tue, 23 Oct 2018 11:23:29 GMT] WARNING error caught in DB queryundefined
[Tue, 23 Oct 2018 11:23:29 GMT] ERROR error caught in DB query
[Tue, 23 Oct 2018 11:23:29 GMT] WARNING error caught in DB queryundefined
[Tue, 23 Oct 2018 11:23:29 GMT] ERROR error caught in DB query
[Tue, 23 Oct 2018 11:23:33 GMT] WARNING error caught in DB queryundefined
[Tue, 23 Oct 2018 11:23:33 GMT] ERROR error caught in DB query
[Tue, 23 Oct 2018 11:24:17 GMT] WARNING error caught in DB queryundefined
[Tue, 23 Oct 2018 11:24:17 GMT] ERROR error caught in DB query
[Tue, 23 Oct 2018 11:24:17 GMT] WARNING error caught in DB queryundefined
[Tue, 23 Oct 2018 11:24:17 GMT] ERROR error caught in DB query
[Tue, 23 Oct 2018 11:24:19 GMT] WARNING error caught in DB queryundefined
[Tue, 23 Oct 2018 11:24:19 GMT] ERROR error caught in DB query
[Tue, 23 Oct 2018 11:24:19 GMT] WARNING error caught in DB queryundefined
[Tue, 23 Oct 2018 11:24:19 GMT] ERROR error caught in DB query
[Tue, 23 Oct 2018 11:24:22 GMT] WARNING error caught in DB queryundefined
[Tue, 23 Oct 2018 11:24:22 GMT] ERROR error caught in DB query
[Tue, 23 Oct 2018 11:24:44 GMT] WARNING error caught in DB queryundefined
[Tue, 23 Oct 2018 11:24:44 GMT] ERROR error caught in DB query
[Tue, 23 Oct 2018 11:24:44 GMT] WARNING error caught in DB queryundefined
[Tue, 23 Oct 2018 11:24:44 GMT] ERROR error caught in DB query
[Tue, 23 Oct 2018 11:25:03 GMT] WARNING error caught in DB queryundefined
[Tue, 23 Oct 2018 11:25:03 GMT] ERROR error caught in DB query
[Tue, 23 Oct 2018 11:25:38 GMT] WARNING error caught in DB queryundefined
[Tue, 23 Oct 2018 11:25:38 GMT] ERROR error caught in DB query
[Tue, 23 Oct 2018 11:25:39 GMT] WARNING error caught in DB queryundefined
[Tue, 23 Oct 2018 11:25:39 GMT] ERROR error caught in DB query
[Tue, 23 Oct 2018 11:25:46 GMT] WARNING error caught in DB query
[Tue, 23 Oct 2018 11:25:59 GMT] WARNING error caught in DB queryundefined
[Tue, 23 Oct 2018 11:25:59 GMT] ERROR error caught in DB query
[Tue, 23 Oct 2018 11:25:59 GMT] WARNING error caught in DB queryundefined
[Tue, 23 Oct 2018 11:25:59 GMT] ERROR error caught in DB query
[Tue, 23 Oct 2018 11:26:01 GMT] WARNING error caught in DB query
[Tue, 23 Oct 2018 11:28:53 GMT] WARNING error caught in DB queryundefined
[Tue, 23 Oct 2018 11:28:53 GMT] ERROR error caught in DB query
[Tue, 23 Oct 2018 11:28:53 GMT] WARNING error caught in DB queryundefined
[Tue, 23 Oct 2018 11:28:53 GMT] ERROR error caught in DB query
[Tue, 23 Oct 2018 11:28:58 GMT] WARNING error caught in DB queryundefined
[Tue, 23 Oct 2018 11:28:58 GMT] ERROR error caught in DB query
[Tue, 23 Oct 2018 11:28:58 GMT] WARNING error caught in DB queryundefined
[Tue, 23 Oct 2018 11:28:58 GMT] ERROR error caught in DB query
[Tue, 23 Oct 2018 11:29:43 GMT] WARNING error caught in DB queryundefined
[Tue, 23 Oct 2018 11:29:43 GMT] ERROR error caught in DB query
[Tue, 23 Oct 2018 11:29:43 GMT] WARNING error caught in DB queryundefined
[Tue, 23 Oct 2018 11:29:43 GMT] ERROR error caught in DB query
[Tue, 23 Oct 2018 11:29:48 GMT] WARNING error caught in DB queryundefined
[Tue, 23 Oct 2018 11:29:48 GMT] ERROR error caught in DB query
[Tue, 23 Oct 2018 11:29:48 GMT] WARNING error caught in DB queryundefined
[Tue, 23 Oct 2018 11:29:48 GMT] ERROR error caught in DB query
[Tue, 23 Oct 2018 11:30:01 GMT] WARNING error caught in DB queryundefined
[Tue, 23 Oct 2018 11:30:01 GMT] ERROR error caught in DB query
[Tue, 23 Oct 2018 11:30:01 GMT] WARNING error caught in DB queryundefined
[Tue, 23 Oct 2018 11:30:01 GMT] ERROR error caught in DB query
[Tue, 23 Oct 2018 11:30:06 GMT] WARNING error caught in DB queryundefined
[Tue, 23 Oct 2018 11:30:06 GMT] ERROR error caught in DB query
[Tue, 23 Oct 2018 11:30:06 GMT] WARNING error caught in DB queryundefined
[Tue, 23 Oct 2018 11:30:06 GMT] ERROR error caught in DB query
[Tue, 23 Oct 2018 11:30:25 GMT] WARNING error caught in DB queryundefined
[Tue, 23 Oct 2018 11:30:25 GMT] ERROR error caught in DB query
[Tue, 23 Oct 2018 11:36:35 GMT] WARNING error caught in DB queryundefined
[Tue, 23 Oct 2018 11:36:35 GMT] ERROR error caught in DB query
[Tue, 23 Oct 2018 11:36:35 GMT] WARNING error caught in DB queryundefined
[Tue, 23 Oct 2018 11:36:35 GMT] ERROR error caught in DB query
[Tue, 23 Oct 2018 11:36:41 GMT] WARNING error caught in DB queryundefined
[Tue, 23 Oct 2018 11:36:41 GMT] ERROR error caught in DB query
[Tue, 23 Oct 2018 11:36:41 GMT] WARNING error caught in DB queryundefined
[Tue, 23 Oct 2018 11:36:41 GMT] ERROR error caught in DB query
[Tue, 23 Oct 2018 11:38:45 GMT] WARNING error caught in DB queryundefined
[Tue, 23 Oct 2018 11:38:45 GMT] ERROR error caught in DB query
[Tue, 23 Oct 2018 11:38:45 GMT] WARNING error caught in DB queryundefined
[Tue, 23 Oct 2018 11:38:45 GMT] ERROR error caught in DB query
[Tue, 23 Oct 2018 11:39:04 GMT] WARNING error caught in DB queryundefined
[Tue, 23 Oct 2018 11:39:04 GMT] ERROR error caught in DB query
[Tue, 23 Oct 2018 11:39:04 GMT] WARNING error caught in DB queryundefined
[Tue, 23 Oct 2018 11:39:04 GMT] ERROR error caught in DB query
[Tue, 23 Oct 2018 11:44:29 GMT] WARNING error caught in DB queryundefined
[Tue, 23 Oct 2018 11:44:29 GMT] ERROR error caught in DB query
[Tue, 23 Oct 2018 11:44:35 GMT] WARNING error caught in DB queryundefined
[Tue, 23 Oct 2018 11:44:35 GMT] ERROR error caught in DB query
[Tue, 23 Oct 2018 11:45:14 GMT] WARNING error caught in DB queryundefined
[Tue, 23 Oct 2018 11:45:14 GMT] ERROR error caught in DB query
[Tue, 23 Oct 2018 11:45:14 GMT] WARNING error caught in DB queryundefined
[Tue, 23 Oct 2018 11:45:14 GMT] ERROR error caught in DB query
[Tue, 23 Oct 2018 11:45:16 GMT] WARNING error caught in DB queryundefined
[Tue, 23 Oct 2018 11:45:16 GMT] ERROR error caught in DB query
[Tue, 23 Oct 2018 11:45:16 GMT] WARNING error caught in DB queryundefined
[Tue, 23 Oct 2018 11:45:16 GMT] ERROR error caught in DB query
[Tue, 23 Oct 2018 11:57:31 GMT] WARNING error caught in DB queryundefined
[Tue, 23 Oct 2018 11:57:31 GMT] ERROR error caught in DB query
[Tue, 23 Oct 2018 11:57:31 GMT] WARNING error caught in DB queryundefined
[Tue, 23 Oct 2018 11:57:31 GMT] ERROR error caught in DB query
[Tue, 23 Oct 2018 11:57:33 GMT] WARNING error caught in DB queryundefined
[Tue, 23 Oct 2018 11:57:33 GMT] ERROR error caught in DB query
[Tue, 23 Oct 2018 11:57:33 GMT] WARNING error caught in DB queryundefined
[Tue, 23 Oct 2018 11:57:33 GMT] ERROR error caught in DB query
[Tue, 23 Oct 2018 11:57:52 GMT] WARNING error caught in DB queryundefined
[Tue, 23 Oct 2018 11:57:52 GMT] ERROR error caught in DB query
[Tue, 23 Oct 2018 11:58:11 GMT] WARNING error caught in DB queryundefined
[Tue, 23 Oct 2018 11:58:11 GMT] ERROR error caught in DB query
[Tue, 23 Oct 2018 11:58:11 GMT] WARNING error caught in DB queryundefined
[Tue, 23 Oct 2018 11:58:11 GMT] ERROR error caught in DB query
[Tue, 23 Oct 2018 11:58:14 GMT] WARNING error caught in DB queryundefined
[Tue, 23 Oct 2018 11:58:14 GMT] ERROR error caught in DB query
[Tue, 23 Oct 2018 11:58:14 GMT] WARNING error caught in DB queryundefined
[Tue, 23 Oct 2018 11:58:14 GMT] ERROR error caught in DB query
[Tue, 23 Oct 2018 11:58:27 GMT] WARNING error caught in DB queryundefined
[Tue, 23 Oct 2018 11:58:27 GMT] ERROR error caught in DB query
[Tue, 23 Oct 2018 11:58:27 GMT] WARNING error caught in DB queryundefined
[Tue, 23 Oct 2018 11:58:27 GMT] ERROR error caught in DB query
[Tue, 23 Oct 2018 11:58:30 GMT] WARNING error caught in DB queryundefined
[Tue, 23 Oct 2018 11:58:30 GMT] ERROR error caught in DB query
[Tue, 23 Oct 2018 11:58:30 GMT] WARNING error caught in DB queryundefined
[Tue, 23 Oct 2018 11:58:30 GMT] ERROR error caught in DB query
[Tue, 23 Oct 2018 11:59:17 GMT] WARNING error caught in DB queryundefined
[Tue, 23 Oct 2018 11:59:17 GMT] ERROR error caught in DB query
[Tue, 23 Oct 2018 12:06:07 GMT] WARNING error caught in DB queryundefined
[Tue, 23 Oct 2018 12:06:07 GMT] ERROR error caught in DB query
[Tue, 23 Oct 2018 12:06:07 GMT] WARNING error caught in DB queryundefined
[Tue, 23 Oct 2018 12:06:07 GMT] ERROR error caught in DB query
[Tue, 23 Oct 2018 12:06:10 GMT] WARNING error caught in DB queryundefined
[Tue, 23 Oct 2018 12:06:10 GMT] ERROR error caught in DB query
[Tue, 23 Oct 2018 12:06:10 GMT] WARNING error caught in DB queryundefined
[Tue, 23 Oct 2018 12:06:10 GMT] ERROR error caught in DB query
[Tue, 23 Oct 2018 12:06:25 GMT] WARNING error caught in DB queryundefined
[Tue, 23 Oct 2018 12:06:25 GMT] ERROR error caught in DB query
[Tue, 23 Oct 2018 12:07:17 GMT] WARNING error caught in DB queryundefined
[Tue, 23 Oct 2018 12:07:17 GMT] ERROR error caught in DB query
[Tue, 23 Oct 2018 12:07:17 GMT] WARNING error caught in DB queryundefined
[Tue, 23 Oct 2018 12:07:17 GMT] ERROR error caught in DB query
[Tue, 23 Oct 2018 12:07:19 GMT] WARNING error caught in DB queryundefined
[Tue, 23 Oct 2018 12:07:19 GMT] ERROR error caught in DB query
[Tue, 23 Oct 2018 12:07:19 GMT] WARNING error caught in DB queryundefined
[Tue, 23 Oct 2018 12:07:19 GMT] ERROR error caught in DB query
[Tue, 23 Oct 2018 12:08:22 GMT] WARNING error caught in DB queryundefined
[Tue, 23 Oct 2018 12:08:22 GMT] ERROR error caught in DB query
[Tue, 23 Oct 2018 12:08:22 GMT] WARNING error caught in DB queryundefined
[Tue, 23 Oct 2018 12:08:22 GMT] ERROR error caught in DB query
[Tue, 23 Oct 2018 12:08:26 GMT] WARNING error caught in DB queryundefined
[Tue, 23 Oct 2018 12:08:26 GMT] ERROR error caught in DB query
[Tue, 23 Oct 2018 12:08:26 GMT] WARNING error caught in DB queryundefined
[Tue, 23 Oct 2018 12:08:26 GMT] ERROR error caught in DB query
[Tue, 23 Oct 2018 12:09:39 GMT] WARNING error caught in DB queryundefined
[Tue, 23 Oct 2018 12:09:39 GMT] ERROR error caught in DB query
[Tue, 23 Oct 2018 12:09:39 GMT] WARNING error caught in DB queryundefined
[Tue, 23 Oct 2018 12:09:39 GMT] ERROR error caught in DB query
[Tue, 23 Oct 2018 12:09:42 GMT] WARNING error caught in DB queryundefined
[Tue, 23 Oct 2018 12:09:42 GMT] ERROR error caught in DB query
[Tue, 23 Oct 2018 12:09:42 GMT] WARNING error caught in DB queryundefined
[Tue, 23 Oct 2018 12:09:42 GMT] ERROR error caught in DB query
[Tue, 23 Oct 2018 12:09:58 GMT] WARNING error caught in DB queryundefined
[Tue, 23 Oct 2018 12:09:58 GMT] ERROR error caught in DB query
[Tue, 23 Oct 2018 12:09:58 GMT] WARNING error caught in DB queryundefined
[Tue, 23 Oct 2018 12:09:58 GMT] ERROR error caught in DB query
[Tue, 23 Oct 2018 12:10:01 GMT] WARNING error caught in DB queryundefined
[Tue, 23 Oct 2018 12:10:01 GMT] ERROR error caught in DB query
[Tue, 23 Oct 2018 12:10:01 GMT] WARNING error caught in DB queryundefined
[Tue, 23 Oct 2018 12:10:01 GMT] ERROR error caught in DB query
[Tue, 23 Oct 2018 12:10:28 GMT] WARNING error caught in DB queryundefined
[Tue, 23 Oct 2018 12:10:28 GMT] ERROR error caught in DB query
[Tue, 23 Oct 2018 12:10:28 GMT] WARNING error caught in DB queryundefined
[Tue, 23 Oct 2018 12:10:28 GMT] ERROR error caught in DB query
[Tue, 23 Oct 2018 12:10:31 GMT] WARNING error caught in DB queryundefined
[Tue, 23 Oct 2018 12:10:31 GMT] ERROR error caught in DB query
[Tue, 23 Oct 2018 12:10:31 GMT] WARNING error caught in DB queryundefined
[Tue, 23 Oct 2018 12:10:31 GMT] ERROR error caught in DB query
[Tue, 23 Oct 2018 12:10:50 GMT] WARNING error caught in DB queryundefined
[Tue, 23 Oct 2018 12:10:50 GMT] ERROR error caught in DB query
[Tue, 23 Oct 2018 12:10:50 GMT] WARNING error caught in DB queryundefined
[Tue, 23 Oct 2018 12:10:50 GMT] ERROR error caught in DB query
[Tue, 23 Oct 2018 12:10:53 GMT] WARNING error caught in DB queryundefined
[Tue, 23 Oct 2018 12:10:53 GMT] ERROR error caught in DB query
[Tue, 23 Oct 2018 12:10:53 GMT] WARNING error caught in DB queryundefined
[Tue, 23 Oct 2018 12:10:53 GMT] ERROR error caught in DB query
[Tue, 23 Oct 2018 12:11:00 GMT] WARNING error caught in DB queryundefined
[Tue, 23 Oct 2018 12:11:00 GMT] ERROR error caught in DB query
[Tue, 23 Oct 2018 12:11:00 GMT] WARNING error caught in DB queryundefined
[Tue, 23 Oct 2018 12:11:00 GMT] ERROR error caught in DB query
[Tue, 23 Oct 2018 12:11:24 GMT] WARNING error caught in DB queryundefined
[Tue, 23 Oct 2018 12:11:24 GMT] ERROR error caught in DB query
[Tue, 23 Oct 2018 12:11:24 GMT] WARNING error caught in DB queryundefined
[Tue, 23 Oct 2018 12:11:24 GMT] ERROR error caught in DB query
[Tue, 23 Oct 2018 12:11:31 GMT] WARNING error caught in DB queryundefined
[Tue, 23 Oct 2018 12:11:31 GMT] ERROR error caught in DB query
[Tue, 23 Oct 2018 12:11:31 GMT] WARNING error caught in DB queryundefined
[Tue, 23 Oct 2018 12:11:31 GMT] ERROR error caught in DB query
[Tue, 23 Oct 2018 12:11:41 GMT] WARNING error caught in DB queryundefined
[Tue, 23 Oct 2018 12:11:41 GMT] ERROR error caught in DB query
[Tue, 23 Oct 2018 12:11:41 GMT] WARNING error caught in DB queryundefined
[Tue, 23 Oct 2018 12:11:41 GMT] ERROR error caught in DB query
[Tue, 23 Oct 2018 12:12:24 GMT] WARNING error caught in DB queryundefined
[Tue, 23 Oct 2018 12:12:24 GMT] ERROR error caught in DB query
[Tue, 23 Oct 2018 12:12:24 GMT] WARNING error caught in DB queryundefined
[Tue, 23 Oct 2018 12:12:24 GMT] ERROR error caught in DB query
[Tue, 23 Oct 2018 12:13:54 GMT] WARNING error caught in DB queryundefined
[Tue, 23 Oct 2018 12:13:54 GMT] ERROR error caught in DB query
[Tue, 23 Oct 2018 12:13:54 GMT] WARNING error caught in DB queryundefined
[Tue, 23 Oct 2018 12:13:54 GMT] ERROR error caught in DB query
[Tue, 23 Oct 2018 12:14:13 GMT] WARNING error caught in DB queryundefined
[Tue, 23 Oct 2018 12:14:13 GMT] ERROR error caught in DB query
[Tue, 23 Oct 2018 12:14:13 GMT] WARNING error caught in DB queryundefined
[Tue, 23 Oct 2018 12:14:13 GMT] ERROR error caught in DB query
[Tue, 23 Oct 2018 12:14:35 GMT] WARNING error caught in DB queryundefined
[Tue, 23 Oct 2018 12:14:35 GMT] ERROR error caught in DB query
[Tue, 23 Oct 2018 12:14:35 GMT] WARNING error caught in DB queryundefined
[Tue, 23 Oct 2018 12:14:35 GMT] ERROR error caught in DB query
[Tue, 23 Oct 2018 12:14:39 GMT] WARNING error caught in DB queryundefined
[Tue, 23 Oct 2018 12:14:39 GMT] ERROR error caught in DB query
[Tue, 23 Oct 2018 12:14:39 GMT] WARNING error caught in DB queryundefined
[Tue, 23 Oct 2018 12:14:39 GMT] ERROR error caught in DB query
[Tue, 23 Oct 2018 12:14:50 GMT] WARNING error caught in DB queryundefined
[Tue, 23 Oct 2018 12:14:50 GMT] ERROR error caught in DB query
[Tue, 23 Oct 2018 12:14:50 GMT] WARNING error caught in DB queryundefined
[Tue, 23 Oct 2018 12:14:50 GMT] ERROR error caught in DB query
[Tue, 23 Oct 2018 12:14:53 GMT] WARNING error caught in DB queryundefined
[Tue, 23 Oct 2018 12:14:53 GMT] ERROR error caught in DB query
[Tue, 23 Oct 2018 12:14:53 GMT] WARNING error caught in DB queryundefined
[Tue, 23 Oct 2018 12:14:53 GMT] ERROR error caught in DB query
[Tue, 23 Oct 2018 12:15:06 GMT] WARNING error caught in DB queryundefined
[Tue, 23 Oct 2018 12:15:06 GMT] ERROR error caught in DB query
[Tue, 23 Oct 2018 12:15:06 GMT] WARNING error caught in DB queryundefined
[Tue, 23 Oct 2018 12:15:06 GMT] ERROR error caught in DB query
[Tue, 23 Oct 2018 12:15:10 GMT] WARNING error caught in DB queryundefined
[Tue, 23 Oct 2018 12:15:10 GMT] ERROR error caught in DB query
[Tue, 23 Oct 2018 12:15:10 GMT] WARNING error caught in DB queryundefined
[Tue, 23 Oct 2018 12:15:10 GMT] ERROR error caught in DB query
[Tue, 23 Oct 2018 12:16:23 GMT] WARNING error caught in DB queryundefined
[Tue, 23 Oct 2018 12:16:23 GMT] ERROR error caught in DB query
[Tue, 23 Oct 2018 12:16:23 GMT] WARNING error caught in DB queryundefined
[Tue, 23 Oct 2018 12:16:23 GMT] ERROR error caught in DB query
[Tue, 23 Oct 2018 12:16:26 GMT] WARNING error caught in DB queryundefined
[Tue, 23 Oct 2018 12:16:26 GMT] ERROR error caught in DB query
[Tue, 23 Oct 2018 12:16:26 GMT] WARNING error caught in DB queryundefined
[Tue, 23 Oct 2018 12:16:26 GMT] ERROR error caught in DB query
[Tue, 23 Oct 2018 12:20:00 GMT] WARNING error caught in DB queryundefined
[Tue, 23 Oct 2018 12:20:00 GMT] ERROR error caught in DB query
[Tue, 23 Oct 2018 12:20:36 GMT] WARNING error caught in DB queryundefined
[Tue, 23 Oct 2018 12:21:23 GMT] WARNING error caught in DB queryundefined
[Tue, 23 Oct 2018 12:21:23 GMT] ERROR error caught in DB query
[Tue, 23 Oct 2018 12:24:14 GMT] WARNING error caught in DB queryundefined
[Tue, 23 Oct 2018 12:24:14 GMT] ERROR error caught in DB query
[Tue, 23 Oct 2018 12:27:02 GMT] WARNING error caught in DB queryundefined
[Tue, 23 Oct 2018 12:27:02 GMT] ERROR error caught in DB query
[Tue, 23 Oct 2018 12:29:13 GMT] WARNING error caught in DB queryundefined
[Tue, 23 Oct 2018 12:29:13 GMT] ERROR error caught in DB query
[Tue, 23 Oct 2018 12:29:13 GMT] WARNING error caught in DB queryundefined
[Tue, 23 Oct 2018 12:29:13 GMT] ERROR error caught in DB query
[Tue, 23 Oct 2018 12:29:30 GMT] WARNING error caught in DB queryundefined
[Tue, 23 Oct 2018 12:29:30 GMT] ERROR error caught in DB query
[Tue, 23 Oct 2018 12:29:57 GMT] WARNING error caught in DB queryundefined
[Tue, 23 Oct 2018 12:29:57 GMT] ERROR error caught in DB query
[Tue, 23 Oct 2018 12:30:39 GMT] WARNING error caught in DB queryundefined
[Tue, 23 Oct 2018 12:30:39 GMT] ERROR error caught in DB query
[Tue, 23 Oct 2018 12:31:56 GMT] WARNING error caught in DB queryundefined
[Tue, 23 Oct 2018 12:31:56 GMT] ERROR error caught in DB query
[Tue, 23 Oct 2018 12:32:37 GMT] WARNING error caught in DB queryundefined
[Tue, 23 Oct 2018 12:32:37 GMT] ERROR error caught in DB query
[Tue, 23 Oct 2018 12:32:39 GMT] WARNING error caught in DB query
[Tue, 23 Oct 2018 12:33:07 GMT] WARNING error caught in DB queryundefined
[Tue, 23 Oct 2018 12:33:07 GMT] ERROR error caught in DB query
[Tue, 23 Oct 2018 12:33:15 GMT] WARNING error caught in DB query
[Tue, 23 Oct 2018 12:34:23 GMT] WARNING error caught in DB queryundefined
[Tue, 23 Oct 2018 12:34:23 GMT] ERROR error caught in DB query
[Tue, 23 Oct 2018 12:45:37 GMT] WARNING error caught in DB queryundefined
[Tue, 23 Oct 2018 12:45:37 GMT] ERROR error caught in DB query
[Tue, 23 Oct 2018 12:47:02 GMT] WARNING error caught in DB queryundefined
[Tue, 23 Oct 2018 12:47:02 GMT] ERROR error caught in DB query
[Tue, 23 Oct 2018 12:47:47 GMT] WARNING error caught in DB queryundefined
[Tue, 23 Oct 2018 12:47:47 GMT] ERROR error caught in DB query
[Tue, 23 Oct 2018 12:48:41 GMT] WARNING error caught in DB queryundefined
[Tue, 23 Oct 2018 12:51:22 GMT] WARNING error caught in DB queryundefined
[Tue, 23 Oct 2018 12:51:22 GMT] ERROR error caught in DB query
[Tue, 23 Oct 2018 12:51:22 GMT] WARNING error caught in DB queryundefined
[Tue, 23 Oct 2018 12:51:22 GMT] ERROR error caught in DB query
[Tue, 23 Oct 2018 12:51:28 GMT] WARNING error caught in DB queryundefined
[Tue, 23 Oct 2018 12:51:28 GMT] ERROR error caught in DB query
[Tue, 23 Oct 2018 12:54:59 GMT] WARNING error caught in DB queryundefined
[Tue, 23 Oct 2018 12:54:59 GMT] ERROR error caught in DB query
[Tue, 23 Oct 2018 12:54:59 GMT] WARNING error caught in DB queryundefined
[Tue, 23 Oct 2018 12:54:59 GMT] ERROR error caught in DB query
[Tue, 23 Oct 2018 12:55:02 GMT] WARNING error caught in DB queryundefined
[Tue, 23 Oct 2018 12:55:02 GMT] ERROR error caught in DB query
[Tue, 23 Oct 2018 13:02:34 GMT] WARNING error caught in DB queryundefined
[Tue, 23 Oct 2018 13:02:34 GMT] ERROR error caught in DB query
[Tue, 23 Oct 2018 13:03:48 GMT] WARNING error caught in DB queryundefined
[Tue, 23 Oct 2018 13:03:48 GMT] ERROR error caught in DB query
[Tue, 23 Oct 2018 13:03:48 GMT] WARNING error caught in DB query
[Tue, 23 Oct 2018 13:04:43 GMT] WARNING error caught in DB queryundefined
[Tue, 23 Oct 2018 13:04:43 GMT] ERROR error caught in DB query
[Tue, 23 Oct 2018 13:04:46 GMT] WARNING error caught in DB query
[Tue, 23 Oct 2018 13:08:00 GMT] WARNING error caught in DB queryundefined
[Tue, 23 Oct 2018 13:08:00 GMT] ERROR error caught in DB query
[Tue, 23 Oct 2018 13:08:04 GMT] WARNING error caught in DB query
[Tue, 23 Oct 2018 13:08:59 GMT] WARNING error caught in DB queryundefined
[Tue, 23 Oct 2018 13:08:59 GMT] ERROR error caught in DB query
[Tue, 23 Oct 2018 13:10:05 GMT] WARNING error caught in DB queryundefined
[Tue, 23 Oct 2018 13:10:05 GMT] ERROR error caught in DB query
[Tue, 23 Oct 2018 13:10:40 GMT] WARNING error caught in DB queryundefined
[Tue, 23 Oct 2018 13:11:13 GMT] WARNING error caught in DB queryundefined
[Tue, 23 Oct 2018 13:11:13 GMT] ERROR error caught in DB query
[Tue, 23 Oct 2018 13:11:47 GMT] WARNING error caught in DB queryundefined
[Tue, 23 Oct 2018 13:11:47 GMT] ERROR error caught in DB query
[Tue, 23 Oct 2018 13:11:59 GMT] WARNING error caught in DB queryundefined
[Tue, 23 Oct 2018 13:11:59 GMT] ERROR error caught in DB query
[Tue, 23 Oct 2018 13:11:59 GMT] WARNING error caught in DB queryundefined
[Tue, 23 Oct 2018 13:11:59 GMT] ERROR error caught in DB query
[Tue, 23 Oct 2018 13:20:20 GMT] WARNING error caught in DB queryundefined
[Tue, 23 Oct 2018 13:20:20 GMT] ERROR error caught in DB query
[Wed, 24 Oct 2018 07:37:39 GMT] WARNING error caught in DB query
[Wed, 24 Oct 2018 08:39:33 GMT] WARNING error caught in DB queryundefined
[Wed, 24 Oct 2018 08:39:33 GMT] ERROR error caught in DB query
[Wed, 24 Oct 2018 08:43:45 GMT] WARNING error caught in DB queryundefined
[Wed, 24 Oct 2018 08:43:45 GMT] ERROR error caught in DB query
[Wed, 24 Oct 2018 08:46:15 GMT] WARNING error caught in DB queryundefined
[Wed, 24 Oct 2018 08:46:15 GMT] ERROR error caught in DB query
[Wed, 24 Oct 2018 08:48:09 GMT] WARNING error caught in DB queryundefined
[Wed, 24 Oct 2018 08:48:09 GMT] ERROR error caught in DB query
[Wed, 24 Oct 2018 08:49:06 GMT] WARNING error caught in DB queryundefined
[Wed, 24 Oct 2018 08:49:06 GMT] ERROR error caught in DB query
[Wed, 24 Oct 2018 09:26:21 GMT] WARNING error caught in DB query
[Wed, 24 Oct 2018 09:31:40 GMT] WARNING error caught in DB query
[Wed, 24 Oct 2018 09:32:57 GMT] WARNING error caught in DB query
[Wed, 24 Oct 2018 09:45:43 GMT] WARNING error caught in DB query
[Wed, 24 Oct 2018 10:03:41 GMT] WARNING error caught in DB queryundefined
[Wed, 24 Oct 2018 10:03:41 GMT] ERROR error caught in DB query
[Wed, 24 Oct 2018 10:05:20 GMT] WARNING error caught in DB queryundefined
[Wed, 24 Oct 2018 10:05:20 GMT] ERROR error caught in DB query
[Wed, 24 Oct 2018 12:12:50 GMT] WARNING error caught in DB query
[Wed, 24 Oct 2018 12:14:23 GMT] WARNING error caught in DB query
[Wed, 24 Oct 2018 12:14:36 GMT] WARNING error caught in DB query
[Wed, 24 Oct 2018 12:16:20 GMT] WARNING error caught in DB query
[Thu, 25 Oct 2018 03:55:26 GMT] WARNING error caught in DB query
[Thu, 25 Oct 2018 03:57:33 GMT] WARNING error caught in DB query
[Thu, 25 Oct 2018 03:57:39 GMT] WARNING error caught in DB query
[Thu, 25 Oct 2018 03:59:52 GMT] WARNING error caught in DB query
[Thu, 25 Oct 2018 04:02:25 GMT] WARNING error caught in DB query
[Thu, 25 Oct 2018 04:08:49 GMT] WARNING error caught in DB query
[Thu, 25 Oct 2018 04:13:28 GMT] WARNING error caught in DB query
[Thu, 25 Oct 2018 04:31:49 GMT] WARNING error caught in DB query
[Thu, 25 Oct 2018 05:08:03 GMT] WARNING error caught in DB query
[Thu, 25 Oct 2018 05:08:58 GMT] WARNING error caught in DB query
[Thu, 25 Oct 2018 07:27:34 GMT] WARNING error caught in DB queryundefined
[Thu, 25 Oct 2018 07:27:34 GMT] ERROR error caught in DB query
[Fri, 26 Oct 2018 06:07:45 GMT] WARNING error caught in DB query
[Mon, 29 Oct 2018 05:40:40 GMT] WARNING error caught in DB query
[Mon, 29 Oct 2018 05:41:21 GMT] WARNING error caught in DB query
[Mon, 29 Oct 2018 05:41:54 GMT] WARNING error caught in DB query
[Mon, 29 Oct 2018 05:43:25 GMT] WARNING error caught in DB query
[Mon, 29 Oct 2018 05:43:47 GMT] WARNING error caught in DB query
[Mon, 29 Oct 2018 05:44:29 GMT] WARNING error caught in DB query
[Mon, 29 Oct 2018 05:45:43 GMT] WARNING error caught in DB query
[Mon, 29 Oct 2018 05:46:54 GMT] WARNING error caught in DB query
[Mon, 29 Oct 2018 05:47:53 GMT] WARNING error caught in DB query
[Mon, 29 Oct 2018 05:48:14 GMT] WARNING error caught in DB query
[Mon, 29 Oct 2018 05:49:21 GMT] WARNING error caught in DB query
[Mon, 29 Oct 2018 06:34:49 GMT] WARNING error caught in DB queryundefined
[Mon, 29 Oct 2018 06:34:49 GMT] ERROR error caught in DB query
[Mon, 29 Oct 2018 07:00:55 GMT] WARNING error caught in DB queryundefined
[Mon, 29 Oct 2018 07:00:55 GMT] ERROR error caught in DB query
[Mon, 29 Oct 2018 07:02:16 GMT] WARNING error caught in DB queryundefined
[Mon, 29 Oct 2018 07:02:16 GMT] ERROR error caught in DB query
[Mon, 29 Oct 2018 07:25:25 GMT] WARNING error caught in DB queryundefined
[Mon, 29 Oct 2018 07:25:25 GMT] ERROR error caught in DB query
[Mon, 29 Oct 2018 07:25:59 GMT] WARNING error caught in DB queryundefined
[Mon, 29 Oct 2018 07:25:59 GMT] ERROR error caught in DB query
[Mon, 29 Oct 2018 08:10:11 GMT] WARNING error caught in DB queryundefined
[Mon, 29 Oct 2018 08:10:11 GMT] ERROR error caught in DB query
[Mon, 29 Oct 2018 08:11:38 GMT] WARNING error caught in DB queryundefined
[Mon, 29 Oct 2018 08:11:38 GMT] ERROR error caught in DB query
[Mon, 29 Oct 2018 08:14:09 GMT] WARNING error caught in DB queryundefined
[Mon, 29 Oct 2018 08:14:09 GMT] ERROR error caught in DB query
[Mon, 29 Oct 2018 08:15:21 GMT] WARNING error caught in DB queryundefined
[Mon, 29 Oct 2018 08:15:21 GMT] ERROR error caught in DB query
[Mon, 29 Oct 2018 08:16:30 GMT] WARNING error caught in DB queryundefined
[Mon, 29 Oct 2018 08:16:30 GMT] ERROR error caught in DB query
[Tue, 30 Oct 2018 04:13:35 GMT] WARNING error caught in DB query
[Tue, 30 Oct 2018 04:15:04 GMT] WARNING error caught in DB query
[Tue, 30 Oct 2018 04:16:36 GMT] WARNING error caught in DB query
[Tue, 30 Oct 2018 04:16:44 GMT] WARNING error caught in DB query
[Tue, 30 Oct 2018 04:17:14 GMT] WARNING error caught in DB query
[Tue, 30 Oct 2018 04:17:42 GMT] WARNING error caught in DB query
[Tue, 30 Oct 2018 04:42:04 GMT] WARNING error caught in DB query
[Tue, 30 Oct 2018 04:51:39 GMT] WARNING error caught in DB query
[Tue, 30 Oct 2018 05:05:27 GMT] WARNING error caught in DB queryError: Unknown column 't2.top_converter_step_down_trnasformer_sr_no' in 'field list'
[Tue, 30 Oct 2018 05:06:48 GMT] WARNING error caught in DB queryError: Unknown column 't2.top_converter_step_down_trnasformer_sr_no' in 'field list'
[Tue, 30 Oct 2018 05:08:21 GMT] WARNING error caught in DB queryError: Unknown column 't2.top_converter_step_down_trnasformer_sr_no' in 'field list'
[Tue, 30 Oct 2018 05:09:37 GMT] WARNING error caught in DB queryError: Unknown column 't2.top_converter_step_down_trnasformer_sr_no' in 'field list'
[Tue, 30 Oct 2018 08:35:13 GMT] WARNING error caught in DB queryundefined
[Tue, 30 Oct 2018 08:35:13 GMT] ERROR error caught in DB query
[Tue, 30 Oct 2018 09:10:03 GMT] WARNING error caught in DB query
[Tue, 30 Oct 2018 10:00:09 GMT] WARNING error caught in DB query
